Archive member included because of file (symbol)

../cross_compiler/lib/gcc/arm-none-eabi/4.8.1//libgcc.a(_udivsi3.o)
                              binaries/qsort.o (__aeabi_uidiv)
../cross_compiler/lib/gcc/arm-none-eabi/4.8.1//libgcc.a(_divsi3.o)
                              binaries/doprnt.o (__aeabi_idiv)
../cross_compiler/lib/gcc/arm-none-eabi/4.8.1//libgcc.a(_dvmd_tls.o)
                              ../cross_compiler/lib/gcc/arm-none-eabi/4.8.1//libgcc.a(_udivsi3.o) (__aeabi_idiv0)
../cross_compiler/lib/gcc/arm-none-eabi/4.8.1//libgcc.a(_arm_muldivdf3.o)
                              binaries/doprnt.o (__aeabi_dmul)
../cross_compiler/lib/gcc/arm-none-eabi/4.8.1//libgcc.a(_arm_cmpdf2.o)
                              binaries/doprnt.o (__aeabi_dcmplt)
../cross_compiler/lib/gcc/arm-none-eabi/4.8.1//libgcc.a(_arm_fixdfsi.o)
                              binaries/doprnt.o (__aeabi_d2iz)

Allocating common symbols
Common symbol       size              file

netbufpool          0x4               binaries/net.o
readylist           0x2               binaries/ready.o
rfltab              0x5a0             binaries/rflinit.o
netportseed         0x4               binaries/net.o
sleepq              0x2               binaries/clkinit.o
intc_vector         0x200             binaries/evec.o
nnames              0x4               binaries/naminit.o
udptab              0x168             binaries/udp.o
minheap             0x4               binaries/meminit.o
marks               0x50              binaries/mark.o
currpid             0x4               binaries/initialize.o
Lf_data             0x20c             binaries/lfsinit.o
porttab             0x2d0             binaries/ptinit.o
ttytab              0x110             binaries/ttyinit.o
proctab             0x15e0            binaries/initialize.o
eth_a_regs          0x1c              binaries/ethinit.o
prcount             0x4               binaries/initialize.o
lfltab              0xf00             binaries/lflinit.o
rdstab              0x8c              binaries/rdsinit.o
ethertab            0x138             binaries/ethinit.o
NetData             0xb0              binaries/net.o
nmarks              0x4               binaries/mark.o
Defer               0x8               binaries/resched.o
semtab              0x4b0             binaries/initialize.o
maxheap             0x4               binaries/meminit.o
preempt             0x4               binaries/clkinit.o
buftab              0xf0              binaries/bufinit.o
Rf_data             0x18              binaries/rfsinit.o
mkmutex             0x4               binaries/mark.o
clktime             0x4               binaries/clkinit.o
arpcache            0x140             binaries/arp.o
icmptab             0x230             binaries/icmp.o
nbpools             0x4               binaries/bufinit.o
queuetab            0x980             binaries/queue.o
ptnextid            0x4               binaries/ptinit.o
Ram                 0x19000           binaries/raminit.o
ipoqueue            0x2c              binaries/ip.o
memlist             0x8               binaries/initialize.o
nametab             0x19a0            binaries/naminit.o
ptfree              0x4               binaries/ptinit.o

Memory Configuration

Name             Origin             Length             Attributes
*default*        0x0000000000000000 0xffffffffffffffff

Linker script and memory map

                0x0000000081000000                physbase = 0x81000000
                0x0000000081000000                . = physbase
                0x0000000081000000                . = ALIGN (0x1000)

.text           0x0000000081000000    0x16000
                0x0000000081000000                text = ABSOLUTE (.)
 *(.text .text.*)
 .text          0x0000000081000000       0x4c binaries/start.o
                0x0000000081000000                start
 .text          0x000000008100004c      0x36c binaries/ascdate.o
                0x000000008100004c                ascdate
 .text          0x00000000810003b8       0x18 binaries/bufinit.o
                0x00000000810003b8                bufinit
 .text          0x00000000810003d0       0x6c binaries/chprio.o
                0x00000000810003d0                chprio
 .text          0x000000008100043c       0xf0 binaries/clkhandler.o
                0x000000008100043c                clkhandler
 .text          0x000000008100052c       0xd4 binaries/clkinit.o
                0x000000008100052c                clkinit
 .text          0x0000000081000600       0x54 binaries/close.o
                0x0000000081000600                close
 .text          0x0000000081000654        0x0 binaries/conf.o
 .text          0x0000000081000654       0x6c binaries/control.o
                0x0000000081000654                control
 .text          0x00000000810006c0      0x2bc binaries/create.o
                0x00000000810006c0                create
 .text          0x000000008100097c       0xb0 binaries/evec.o
                0x000000008100097c                initintc
                0x00000000810009a8                set_evec
                0x00000000810009e8                irq_dispatch
 .text          0x0000000081000a2c       0x10 binaries/exit.o
                0x0000000081000a2c                exit
 .text          0x0000000081000a3c       0x7c binaries/freebuf.o
                0x0000000081000a3c                freebuf
 .text          0x0000000081000ab8      0x150 binaries/freemem.o
                0x0000000081000ab8                freemem
 .text          0x0000000081000c08       0x7c binaries/getbuf.o
                0x0000000081000c08                getbuf
 .text          0x0000000081000c84       0x54 binaries/getc.o
                0x0000000081000c84                getc
 .text          0x0000000081000cd8       0x68 binaries/getdev.o
                0x0000000081000cd8                getdev
 .text          0x0000000081000d40       0xa0 binaries/getitem.o
                0x0000000081000d40                getitem
                0x0000000081000d70                getfirst
                0x0000000081000da4                getlast
 .text          0x0000000081000de0      0x104 binaries/getmem.o
                0x0000000081000de0                getmem
 .text          0x0000000081000ee4       0x10 binaries/getpid.o
                0x0000000081000ee4                getpid
 .text          0x0000000081000ef4       0x60 binaries/getprio.o
                0x0000000081000ef4                getprio
 .text          0x0000000081000f54       0xcc binaries/getstk.o
                0x0000000081000f54                getstk
 .text          0x0000000081001020        0x8 binaries/getticks.o
                0x0000000081001020                getticks
 .text          0x0000000081001028       0x38 binaries/gettime.o
                0x0000000081001028                gettime
 .text          0x0000000081001060      0x1fc binaries/getutime.o
                0x0000000081001060                getutime
 .text          0x000000008100125c       0x54 binaries/init.o
                0x000000008100125c                init
 .text          0x00000000810012b0      0x334 binaries/initialize.o
                0x000000008100133c                nulluser
                0x0000000081001584                stop
                0x00000000810015a8                delay
 .text          0x00000000810015e4       0xcc binaries/insert.o
                0x00000000810015e4                insert
 .text          0x00000000810016b0      0x130 binaries/insertd.o
                0x00000000810016b0                insertd
 .text          0x00000000810017e0        0x8 binaries/ioerr.o
                0x00000000810017e0                ioerr
 .text          0x00000000810017e8        0x8 binaries/ionull.o
                0x00000000810017e8                ionull
 .text          0x00000000810017f0      0x198 binaries/kill.o
                0x00000000810017f0                kill
 .text          0x0000000081001988       0xd0 binaries/kprintf.o
                0x0000000081001988                kputc
                0x00000000810019d8                kgetc
                0x0000000081001a18                kprintf
 .text          0x0000000081001a58      0x12c binaries/main.o
                0x0000000081001a58                proc1
                0x0000000081001a90                proc2
                0x0000000081001ac8                proc3
                0x0000000081001b00                main
 .text          0x0000000081001b84       0xd0 binaries/mark.o
                0x0000000081001b84                markinit
                0x0000000081001bb0                mark
 .text          0x0000000081001c54       0x48 binaries/meminit.o
                0x0000000081001c54                meminit
 .text          0x0000000081001c9c      0x144 binaries/mkbufpool.o
                0x0000000081001c9c                mkbufpool
 .text          0x0000000081001de0       0x88 binaries/newqueue.o
                0x0000000081001de0                newqueue
 .text          0x0000000081001e68       0x64 binaries/open.o
                0x0000000081001e68                open
 .text          0x0000000081001ecc       0x20 binaries/panic.o
                0x0000000081001ecc                panic
 .text          0x0000000081001eec       0xac binaries/platinit.o
                0x0000000081001eec                counterinit
                0x0000000081001f04                platinit
 .text          0x0000000081001f98       0xa8 binaries/ptclear.o
                0x0000000081001f98                _ptclear
 .text          0x0000000081002040       0x9c binaries/ptcount.o
                0x0000000081002040                ptcount
 .text          0x00000000810020dc       0xf8 binaries/ptcreate.o
                0x00000000810020dc                ptcreate
 .text          0x00000000810021d4       0x74 binaries/ptdelete.o
                0x00000000810021d4                ptdelete
 .text          0x0000000081002248       0xb0 binaries/ptinit.o
                0x0000000081002248                ptinit
 .text          0x00000000810022f8      0x158 binaries/ptrecv.o
                0x00000000810022f8                ptrecv
 .text          0x0000000081002450       0x68 binaries/ptreset.o
                0x0000000081002450                ptreset
 .text          0x00000000810024b8      0x18c binaries/ptsend.o
                0x00000000810024b8                ptsend
 .text          0x0000000081002644       0x5c binaries/putc.o
                0x0000000081002644                putc
 .text          0x00000000810026a0       0xf0 binaries/queue.o
                0x00000000810026a0                enqueue
                0x0000000081002734                dequeue
 .text          0x0000000081002790       0x64 binaries/read.o
                0x0000000081002790                read
 .text          0x00000000810027f4       0x74 binaries/ready.o
                0x00000000810027f4                ready
 .text          0x0000000081002868       0x84 binaries/receive.o
                0x0000000081002868                receive
 .text          0x00000000810028ec       0x60 binaries/recvclr.o
                0x00000000810028ec                recvclr
 .text          0x000000008100294c       0xe0 binaries/recvtime.o
                0x000000008100294c                recvtime
 .text          0x0000000081002a2c      0x1e4 binaries/resched.o
                0x0000000081002a2c                resched
                0x0000000081002b5c                resched_cntl
 .text          0x0000000081002c10       0x8c binaries/resume.o
                0x0000000081002c10                resume
 .text          0x0000000081002c9c       0x5c binaries/seek.o
                0x0000000081002c9c                seek
 .text          0x0000000081002cf8       0x60 binaries/semcount.o
                0x0000000081002cf8                semcount
 .text          0x0000000081002d58       0xc8 binaries/semcreate.o
                0x0000000081002d58                semcreate
 .text          0x0000000081002e20       0xc0 binaries/semdelete.o
                0x0000000081002e20                semdelete
 .text          0x0000000081002ee0       0xc0 binaries/semreset.o
                0x0000000081002ee0                semreset
 .text          0x0000000081002fa0       0xd0 binaries/send.o
                0x0000000081002fa0                send
 .text          0x0000000081003070       0xa4 binaries/signal.o
                0x0000000081003070                signal
 .text          0x0000000081003114       0xc0 binaries/signaln.o
                0x0000000081003114                signaln
 .text          0x00000000810031d4       0xd4 binaries/sleep.o
                0x00000000810031d4                sleepms
                0x0000000081003278                sleep
 .text          0x00000000810032a8       0xd4 binaries/suspend.o
                0x00000000810032a8                suspend
 .text          0x000000008100337c       0xa4 binaries/unsleep.o
                0x000000008100337c                unsleep
 .text          0x0000000081003420       0x10 binaries/userret.o
                0x0000000081003420                userret
 .text          0x0000000081003430       0xd0 binaries/wait.o
                0x0000000081003430                wait
 .text          0x0000000081003500       0x9c binaries/wakeup.o
                0x0000000081003500                wakeup
 .text          0x000000008100359c       0x64 binaries/write.o
                0x000000008100359c                write
 .text          0x0000000081003600       0x18 binaries/xdone.o
                0x0000000081003600                xdone
 .text          0x0000000081003618       0x20 binaries/yield.o
                0x0000000081003618                yield
 .text          0x0000000081003638        0xc binaries/abs.o
                0x0000000081003638                abs
 .text          0x0000000081003644      0x138 binaries/atoi.o
                0x0000000081003644                atoi
 .text          0x000000008100377c      0x138 binaries/atol.o
                0x000000008100377c                atol
 .text          0x00000000810038b4       0x20 binaries/bzero.o
                0x00000000810038b4                bzero
 .text          0x00000000810038d4        0x0 binaries/ctype_.o
 .text          0x00000000810038d4      0xa94 binaries/doprnt.o
                0x0000000081003b00                _doprnt
 .text          0x0000000081004368      0x710 binaries/doscan.o
                0x0000000081004368                _doscan
 .text          0x0000000081004a78      0x8a0 binaries/fdoprnt.o
                0x0000000081004b28                _fdoprnt
 .text          0x0000000081005318       0x14 binaries/fgetc.o
                0x0000000081005318                fgetc
 .text          0x000000008100532c       0x74 binaries/fgets.o
                0x000000008100532c                fgets
 .text          0x00000000810053a0       0x3c binaries/fprintf.o
                0x00000000810053a0                fprintf
 .text          0x00000000810053dc       0x24 binaries/fputc.o
                0x00000000810053dc                fputc
 .text          0x0000000081005400       0x38 binaries/fputs.o
                0x0000000081005400                fputs
 .text          0x0000000081005438       0x7c binaries/fscanf.o
                0x000000008100546c                fscanf
 .text          0x00000000810054b4       0x30 binaries/getchar.o
                0x00000000810054b4                getchar
 .text          0x00000000810054e4        0xc binaries/labs.o
                0x00000000810054e4                labs
 .text          0x00000000810054f0        0x0 binaries/memchr.o
 .text          0x00000000810054f0       0x58 binaries/memcmp.o
                0x00000000810054f0                memcmp
 .text          0x0000000081005548       0x24 binaries/memcpy.o
                0x0000000081005548                memcpy
 .text          0x000000008100556c       0x20 binaries/memset.o
                0x000000008100556c                memset
 .text          0x000000008100558c       0x5c binaries/printf.o
                0x000000008100558c                printf
 .text          0x00000000810055e8       0x30 binaries/putchar.o
                0x00000000810055e8                putchar
 .text          0x0000000081005618      0x240 binaries/qsort.o
                0x0000000081005838                qsort
 .text          0x0000000081005858       0x84 binaries/rand.o
                0x0000000081005858                rand
                0x0000000081005890                rand_r
                0x00000000810058cc                srand
 .text          0x00000000810058dc       0x68 binaries/sprintf.o
                0x00000000810058f4                sprintf
 .text          0x0000000081005944       0x7c binaries/sscanf.o
                0x0000000081005978                sscanf
 .text          0x00000000810059c0       0x40 binaries/strchr.o
                0x00000000810059c0                strchr
 .text          0x0000000081005a00       0x54 binaries/strcmp.o
                0x0000000081005a00                strcmp
 .text          0x0000000081005a54       0x1c binaries/strcpy.o
                0x0000000081005a54                strcpy
 .text          0x0000000081005a70       0x30 binaries/strlen.o
                0x0000000081005a70                strlen
 .text          0x0000000081005aa0       0x50 binaries/strncat.o
                0x0000000081005aa0                strncat
 .text          0x0000000081005af0       0x50 binaries/strncmp.o
                0x0000000081005af0                strncmp
 .text          0x0000000081005b40       0x80 binaries/strncpy.o
                0x0000000081005b40                strncpy
 .text          0x0000000081005bc0       0x50 binaries/strnlen.o
                0x0000000081005bc0                strnlen
 .text          0x0000000081005c10       0x40 binaries/strrchr.o
                0x0000000081005c10                strrchr
 .text          0x0000000081005c50       0xb4 binaries/strstr.o
                0x0000000081005c50                strstr
 .text          0x0000000081005d04      0x144 binaries/ttycontrol.o
                0x0000000081005d04                ttycontrol
 .text          0x0000000081005e48       0xbc binaries/ttygetc.o
                0x0000000081005e48                ttygetc
 .text          0x0000000081005f04      0x4dc binaries/ttyhandle_in.o
                0x0000000081005fd0                ttyhandle_in
 .text          0x00000000810063e0      0x194 binaries/ttyhandle_out.o
                0x00000000810063e0                ttyhandle_out
 .text          0x0000000081006574       0xd4 binaries/ttyhandler.o
                0x0000000081006574                ttyhandler
 .text          0x0000000081006648      0x128 binaries/ttyinit.o
                0x0000000081006648                ttyinit
 .text          0x0000000081006770        0xc binaries/ttykickout.o
                0x0000000081006770                ttykickout
 .text          0x000000008100677c       0x94 binaries/ttyputc.o
                0x000000008100677c                ttyputc
 .text          0x0000000081006810      0x134 binaries/ttyread.o
                0x0000000081006810                ttyread
 .text          0x0000000081006944       0x48 binaries/ttywrite.o
                0x0000000081006944                ttywrite
 .text          0x000000008100698c      0x154 binaries/mount.o
                0x000000008100698c                namlen
                0x00000000810069e4                mount
 .text          0x0000000081006ae0      0x1c4 binaries/naminit.o
                0x0000000081006ae0                naminit
 .text          0x0000000081006ca4      0x240 binaries/nammap.o
                0x0000000081006ca4                namrepl
                0x0000000081006dec                namcpy
                0x0000000081006e48                nammap
 .text          0x0000000081006ee4       0x44 binaries/namopen.o
                0x0000000081006ee4                namopen
 .text          0x0000000081006f28       0x40 binaries/ethcontrol.o
                0x0000000081006f28                ethcontrol
 .text          0x0000000081006f68      0x178 binaries/ethhandler.o
                0x0000000081006f68                ethhandler
 .text          0x00000000810070e0      0x7ac binaries/ethinit.o
                0x00000000810070e0                eth_phy_read
                0x0000000081007144                eth_phy_write
                0x000000008100718c                eth_phy_reset
                0x00000000810072e8                ethinit
 .text          0x000000008100788c       0xfc binaries/ethread.o
                0x000000008100788c                ethread
 .text          0x0000000081007988      0x118 binaries/ethwrite.o
                0x0000000081007988                ethwrite
 .text          0x0000000081007aa0       0x88 binaries/rdsbufalloc.o
                0x0000000081007aa0                rdsbufalloc
 .text          0x0000000081007b28       0xd0 binaries/rdsclose.o
                0x0000000081007b28                rdsclose
 .text          0x0000000081007bf8      0x204 binaries/rdscomm.o
                0x0000000081007bf8                rdscomm
 .text          0x0000000081007dfc      0x1c4 binaries/rdscontrol.o
                0x0000000081007dfc                rdscontrol
 .text          0x0000000081007fc0      0x1c8 binaries/rdsinit.o
                0x0000000081007fc0                rdsinit
 .text          0x0000000081008188      0x18c binaries/rdsopen.o
                0x0000000081008188                rdsopen
 .text          0x0000000081008314      0x2cc binaries/rdsprocess.o
                0x0000000081008314                rdsprocess
 .text          0x00000000810085e0      0x250 binaries/rdsread.o
                0x00000000810085e0                rdsread
 .text          0x0000000081008830      0x1ec binaries/rdswrite.o
                0x0000000081008830                rdswrite
 .text          0x0000000081008a1c        0x8 binaries/ramclose.o
                0x0000000081008a1c                ramclose
 .text          0x0000000081008a24       0x3c binaries/raminit.o
                0x0000000081008a24                raminit
 .text          0x0000000081008a60        0x8 binaries/ramopen.o
                0x0000000081008a60                ramopen
 .text          0x0000000081008a68       0x24 binaries/ramread.o
                0x0000000081008a68                ramread
 .text          0x0000000081008a8c       0x20 binaries/ramwrite.o
                0x0000000081008a8c                ramwrite
 .text          0x0000000081008aac       0x94 binaries/lfdballoc.o
                0x0000000081008aac                lfdballoc
 .text          0x0000000081008b40       0x48 binaries/lfdbfree.o
                0x0000000081008b40                lfdbfree
 .text          0x0000000081008b88       0xbc binaries/lfflush.o
                0x0000000081008b88                lfflush
 .text          0x0000000081008c44       0xc8 binaries/lfgetmode.o
                0x0000000081008c44                lfgetmode
 .text          0x0000000081008d0c       0x6c binaries/lfiballoc.o
                0x0000000081008d0c                lfiballoc
 .text          0x0000000081008d78       0x28 binaries/lfibclear.o
                0x0000000081008d78                lfibclear
 .text          0x0000000081008da0       0x68 binaries/lfibget.o
                0x0000000081008da0                lfibget
 .text          0x0000000081008e08       0x90 binaries/lfibput.o
                0x0000000081008e08                lfibput
 .text          0x0000000081008e98       0xbc binaries/lflclose.o
                0x0000000081008e98                lflclose
 .text          0x0000000081008f54       0xcc binaries/lflcontrol.o
                0x0000000081008f54                lflcontrol
 .text          0x0000000081009020      0x10c binaries/lflgetc.o
                0x0000000081009020                lflgetc
 .text          0x000000008100912c       0xc4 binaries/lflinit.o
                0x000000008100912c                lflinit
 .text          0x00000000810091f0      0x154 binaries/lflputc.o
                0x00000000810091f0                lflputc
 .text          0x0000000081009344       0x70 binaries/lflread.o
                0x0000000081009344                lflread
 .text          0x00000000810093b4       0xc4 binaries/lflseek.o
                0x00000000810093b4                lflseek
 .text          0x0000000081009478       0x50 binaries/lflwrite.o
                0x0000000081009478                lflwrite
 .text          0x00000000810094c8       0xa0 binaries/lfscheck.o
                0x00000000810094c8                lfscheck
 .text          0x0000000081009568      0x144 binaries/lfsckfmt.o
                0x0000000081009568                lfsckfmt
 .text          0x00000000810096ac      0x15c binaries/lfscreate.o
                0x00000000810096ac                lfscreate
 .text          0x0000000081009808      0x1f0 binaries/lfsetup.o
                0x0000000081009808                lfsetup
 .text          0x00000000810099f8       0x44 binaries/lfsinit.o
                0x00000000810099f8                lfsinit
 .text          0x0000000081009a3c      0x3a8 binaries/lfsopen.o
                0x0000000081009a3c                lfsopen
 .text          0x0000000081009de4      0x110 binaries/lftruncate.o
                0x0000000081009de4                lftruncate
 .text          0x0000000081009ef4       0x80 binaries/rflclose.o
                0x0000000081009ef4                rflclose
 .text          0x0000000081009f74       0x28 binaries/rflgetc.o
                0x0000000081009f74                rflgetc
 .text          0x0000000081009f9c       0x74 binaries/rflinit.o
                0x0000000081009f9c                rflinit
 .text          0x000000008100a010       0x2c binaries/rflputc.o
                0x000000008100a010                rflputc
 .text          0x000000008100a03c      0x2d4 binaries/rflread.o
                0x000000008100a03c                rflread
 .text          0x000000008100a310       0x84 binaries/rflseek.o
                0x000000008100a310                rflseek
 .text          0x000000008100a394      0x2f0 binaries/rflwrite.o
                0x000000008100a394                rflwrite
 .text          0x000000008100a684      0x194 binaries/rfscomm.o
                0x000000008100a684                rfscomm
 .text          0x000000008100a818      0x228 binaries/rfscontrol.o
                0x000000008100a818                rfscontrol
 .text          0x000000008100aa40       0xc8 binaries/rfsgetmode.o
                0x000000008100aa40                rfsgetmode
 .text          0x000000008100ab08       0x84 binaries/rfsinit.o
                0x000000008100ab08                rfsinit
 .text          0x000000008100ab8c       0x98 binaries/rfsndmsg.o
                0x000000008100ab8c                rfsndmsg
 .text          0x000000008100ac24      0x23c binaries/rfsopen.o
                0x000000008100ac24                rfsopen
 .text          0x000000008100ae60       0x90 binaries/spicontrol.o
                0x000000008100ae60                spicontrol
 .text          0x000000008100aef0       0xa8 binaries/spiinit.o
                0x000000008100aef0                spiinit
 .text          0x000000008100af98      0x77c binaries/arp.o
                0x000000008100af98                arp_init
                0x000000008100afb8                arp_alloc
                0x000000008100b090                arp_ntoh
                0x000000008100b134                arp_hton
                0x000000008100b1d8                arp_resolve
                0x000000008100b478                arp_in
 .text          0x000000008100b714      0x68c binaries/dhcp.o
                0x000000008100b714                dhcp_get_opt_val
                0x000000008100b770                dhcp_bld_bootp_msg
                0x000000008100b868                dhcp_bld_disc
                0x000000008100b8bc                dhcp_bld_req
                0x000000008100b978                getlocalip
 .text          0x000000008100bda0      0x4c0 binaries/dns.o
                0x000000008100be80                dnslookup
 .text          0x000000008100c260      0x12c binaries/dot2ip.o
                0x000000008100c260                dot2ip
 .text          0x000000008100c38c      0x328 binaries/hexdump.o
                0x000000008100c38c                hexdump
                0x000000008100c4d8                hexadump
 .text          0x000000008100c6b4      0x738 binaries/icmp.o
                0x000000008100c6b4                icmp_init
                0x000000008100c6d8                icmp_register
                0x000000008100c78c                icmp_recv
                0x000000008100c930                icmp_mkpkt
                0x000000008100ca20                icmp_in
                0x000000008100cbc4                icmp_send
                0x000000008100cc34                icmp_release
                0x000000008100cd28                icmp_cksum
                0x000000008100cd84                icmp_hton
                0x000000008100cdb8                icmp_ntoh
 .text          0x000000008100cdec      0x688 binaries/ip.o
                0x000000008100cdec                ip_local
                0x000000008100ce1c                ipcksum
                0x000000008100ce60                ip_ntoh
                0x000000008100cf04                ip_in
                0x000000008100d040                ip_hton
                0x000000008100d0e4                ip_out
                0x000000008100d198                ip_send
                0x000000008100d2c8                ipout
                0x000000008100d3d8                ip_enqueue
 .text          0x000000008100d474      0x224 binaries/net.o
                0x000000008100d474                net_init
                0x000000008100d57c                eth_hton
                0x000000008100d590                eth_ntoh
                0x000000008100d5a4                netin
                0x000000008100d648                getport
 .text          0x000000008100d698      0x9c4 binaries/pdump.o
                0x000000008100d698                pdump
                0x000000008100dc1c                pdumph
 .text          0x000000008100e05c      0x554 binaries/tftp.o
                0x000000008100e05c                tftp_send1
                0x000000008100e148                tftpget_mb
                0x000000008100e578                tftpget
 .text          0x000000008100e5b0      0xa40 binaries/udp.o
                0x000000008100e5b0                udp_init
                0x000000008100e5d8                udp_in
                0x000000008100e710                udp_register
                0x000000008100e810                udp_recv
                0x000000008100e9b4                udp_recvaddr
                0x000000008100eb74                udp_send
                0x000000008100ed24                udp_sendto
                0x000000008100ee98                udp_release
                0x000000008100ef88                udp_ntoh
                0x000000008100efbc                udp_hton
 .text          0x000000008100eff0      0x138 binaries/addargs.o
                0x000000008100eff0                addargs
 .text          0x000000008100f128      0x290 binaries/lexan.o
                0x000000008100f128                lexan
 .text          0x000000008100f3b8      0x6a4 binaries/shell.o
                0x000000008100f3b8                shell
 .text          0x000000008100fa5c       0x64 binaries/xsh_argecho.o
                0x000000008100fa5c                xsh_argecho
 .text          0x000000008100fac0      0x1c0 binaries/xsh_arp.o
                0x000000008100fac0                xsh_arp
 .text          0x000000008100fc80      0x240 binaries/xsh_cat.o
                0x000000008100fc80                xsh_cat
 .text          0x000000008100fec0       0x5c binaries/xsh_clear.o
                0x000000008100fec0                xsh_clear
 .text          0x000000008100ff1c      0x2b0 binaries/xsh_date.o
                0x000000008100ff1c                xsh_date
 .text          0x00000000810101cc       0x9c binaries/xsh_devdump.o
                0x00000000810101cc                xsh_devdump
 .text          0x0000000081010268       0x68 binaries/xsh_echo.o
                0x0000000081010268                xsh_echo
 .text          0x00000000810102d0        0x8 binaries/xsh_exit.o
                0x00000000810102d0                xsh_exit
 .text          0x00000000810102d8      0x3b0 binaries/xsh_help.o
                0x00000000810102d8                xsh_help
 .text          0x0000000081010688      0x214 binaries/xsh_kill.o
                0x0000000081010688                xsh_kill
 .text          0x000000008101089c      0x480 binaries/xsh_memdump.o
                0x0000000081010994                xsh_memdump
 .text          0x0000000081010d1c      0x22c binaries/xsh_memstat.o
                0x0000000081010d1c                xsh_memstat
 .text          0x0000000081010f48      0x40c binaries/xsh_netinfo.o
                0x0000000081010f48                xsh_netinfo
 .text          0x0000000081011354      0x3d0 binaries/xsh_ping.o
                0x0000000081011354                xsh_ping
 .text          0x0000000081011724      0x228 binaries/xsh_ps.o
                0x0000000081011724                xsh_ps
 .text          0x000000008101194c      0x1ec binaries/xsh_sleep.o
                0x000000008101194c                xsh_sleep
 .text          0x0000000081011b38      0x24c binaries/xsh_udpdump.o
                0x0000000081011b38                xsh_udpdump
 .text          0x0000000081011d84      0x428 binaries/xsh_udpecho.o
                0x0000000081011d84                xsh_udpecho
 .text          0x00000000810121ac      0x268 binaries/xsh_udpserver.o
                0x00000000810121ac                xsh_udpeserver
 .text          0x0000000081012414      0x1b8 binaries/xsh_uptime.o
                0x0000000081012414                xsh_uptime
 .text          0x00000000810125cc       0x2c binaries/ctxsw.o
                0x00000000810125cc                ctxsw
 .text          0x00000000810125f8      0x100 binaries/intr.o
                0x00000000810125f8                disable
                0x0000000081012604                restore
                0x0000000081012628                enable
                0x0000000081012630                pause
                0x0000000081012630                halt
                0x0000000081012638                irq_except
                0x0000000081012668                initevec
                0x00000000810126c8                expjmpinstr
 .text          0x00000000810126f8      0x114 ../cross_compiler/lib/gcc/arm-none-eabi/4.8.1//libgcc.a(_udivsi3.o)
                0x00000000810126f8                __udivsi3
                0x00000000810126f8                __aeabi_uidiv
                0x00000000810127ec                __aeabi_uidivmod
 .text          0x000000008101280c      0x148 ../cross_compiler/lib/gcc/arm-none-eabi/4.8.1//libgcc.a(_divsi3.o)
                0x000000008101280c                __aeabi_idiv
                0x000000008101280c                __divsi3
                0x0000000081012934                __aeabi_idivmod
 .text          0x0000000081012954        0x4 ../cross_compiler/lib/gcc/arm-none-eabi/4.8.1//libgcc.a(_dvmd_tls.o)
                0x0000000081012954                __aeabi_ldiv0
                0x0000000081012954                __aeabi_idiv0
 .text          0x0000000081012958      0x49c ../cross_compiler/lib/gcc/arm-none-eabi/4.8.1//libgcc.a(_arm_muldivdf3.o)
                0x0000000081012958                __aeabi_dmul
                0x0000000081012958                __muldf3
                0x0000000081012be8                __aeabi_ddiv
                0x0000000081012be8                __divdf3
 .text          0x0000000081012df4      0x144 ../cross_compiler/lib/gcc/arm-none-eabi/4.8.1//libgcc.a(_arm_cmpdf2.o)
                0x0000000081012df4                __gtdf2
                0x0000000081012df4                __gedf2
                0x0000000081012dfc                __ltdf2
                0x0000000081012dfc                __ledf2
                0x0000000081012e04                __eqdf2
                0x0000000081012e04                __nedf2
                0x0000000081012e04                __cmpdf2
                0x0000000081012e8c                __aeabi_cdrcmple
                0x0000000081012ea8                __aeabi_cdcmple
                0x0000000081012ea8                __aeabi_cdcmpeq
                0x0000000081012ec0                __aeabi_dcmpeq
                0x0000000081012ed8                __aeabi_dcmplt
                0x0000000081012ef0                __aeabi_dcmple
                0x0000000081012f08                __aeabi_dcmpge
                0x0000000081012f20                __aeabi_dcmpgt
 .text          0x0000000081012f38       0x5c ../cross_compiler/lib/gcc/arm-none-eabi/4.8.1//libgcc.a(_arm_fixdfsi.o)
                0x0000000081012f38                __fixdfsi
                0x0000000081012f38                __aeabi_d2iz
 *(.rodata .rodata.*)
 .rodata.str1.4
                0x0000000081012f94       0x78 binaries/ascdate.o
 .rodata.str1.4
                0x000000008101300c       0xd9 binaries/conf.o
                                         0xdc (size before relaxing)
 *fill*         0x00000000810130e5        0x3 
 .rodata.str1.4
                0x00000000810130e8       0x61 binaries/getutime.o
                                         0x64 (size before relaxing)
 *fill*         0x0000000081013149        0x3 
 .rodata.str1.4
                0x000000008101314c      0x16c binaries/initialize.o
                                        0x170 (size before relaxing)
 .rodata.str1.4
                0x00000000810132b8       0x86 binaries/main.o
                                         0x88 (size before relaxing)
 *fill*         0x000000008101333e        0x2 
 .rodata.str1.4
                0x0000000081013340        0xf binaries/panic.o
                                         0x10 (size before relaxing)
 *fill*         0x000000008101334f        0x1 
 .rodata.str1.4
                0x0000000081013350       0x1d binaries/ptinit.o
                                         0x20 (size before relaxing)
 *fill*         0x000000008101336d        0x3 
 .rodata.str1.4
                0x0000000081013370       0x25 binaries/ptsend.o
                                         0x28 (size before relaxing)
 *fill*         0x0000000081013395        0x3 
 .rodata.str1.4
                0x0000000081013398       0x27 binaries/xdone.o
                                         0x28 (size before relaxing)
 *fill*         0x00000000810133bf        0x1 
 .rodata        0x00000000810133c0       0x84 binaries/ctype_.o
                0x00000000810133c0                _ctype_
 .rodata.str1.4
                0x0000000081013444       0x2f binaries/doprnt.o
                                         0x30 (size before relaxing)
 .rodata.str1.4
                0x0000000000000000       0x30 binaries/fdoprnt.o
 *fill*         0x0000000081013473        0x1 
 .rodata.str1.4
                0x0000000081013474       0x86 binaries/naminit.o
                                         0x90 (size before relaxing)
 *fill*         0x00000000810134fa        0x2 
 .rodata.str1.4
                0x00000000810134fc       0xe6 binaries/ethinit.o
                                         0xe8 (size before relaxing)
 *fill*         0x00000000810135e2        0x2 
 .rodata.str1.4
                0x00000000810135e4       0x12 binaries/ethread.o
                                         0x14 (size before relaxing)
 *fill*         0x00000000810135f6        0x2 
 .rodata.str1.4
                0x00000000810135f8       0x2c binaries/rdsbufalloc.o
 .rodata.str1.4
                0x0000000081013624       0x76 binaries/rdscomm.o
                                         0x78 (size before relaxing)
 *fill*         0x000000008101369a        0x2 
 .rodata.str1.4
                0x000000008101369c       0x48 binaries/rdscontrol.o
 .rodata.str1.4
                0x00000000810136e4       0x96 binaries/rdsinit.o
                                         0x98 (size before relaxing)
 *fill*         0x000000008101377a        0x2 
 .rodata.str1.4
                0x000000008101377c       0x22 binaries/rdsopen.o
                                         0x24 (size before relaxing)
 *fill*         0x000000008101379e        0x2 
 .rodata.str1.4
                0x00000000810137a0       0x4d binaries/rdsprocess.o
                                         0x50 (size before relaxing)
 *fill*         0x00000000810137ed        0x3 
 .rodata.str1.4
                0x00000000810137f0        0x9 binaries/raminit.o
                                          0xc (size before relaxing)
 *fill*         0x00000000810137f9        0x3 
 .rodata.str1.4
                0x00000000810137fc       0x37 binaries/lfdballoc.o
                                         0x38 (size before relaxing)
 *fill*         0x0000000081013833        0x1 
 .rodata.str1.4
                0x0000000081013834       0x14 binaries/lfiballoc.o
 .rodata.str1.4
                0x0000000081013848       0x23 binaries/lflcontrol.o
                                         0x24 (size before relaxing)
 *fill*         0x000000008101386b        0x1 
 .rodata.str1.4
                0x000000008101386c      0x11f binaries/lfsckfmt.o
                                        0x120 (size before relaxing)
 *fill*         0x000000008101398b        0x1 
 .rodata.str1.4
                0x000000008101398c       0x2a binaries/lfsopen.o
                                         0x2c (size before relaxing)
 *fill*         0x00000000810139b6        0x2 
 .rodata.str1.4
                0x00000000810139b8       0x21 binaries/rflread.o
                                         0x24 (size before relaxing)
 .rodata.str1.4
                0x0000000000000000       0x24 binaries/rflwrite.o
 *fill*         0x00000000810139d9        0x3 
 .rodata.str1.4
                0x00000000810139dc       0x75 binaries/rfscomm.o
                                         0x78 (size before relaxing)
 *fill*         0x0000000081013a51        0x3 
 .rodata.str1.4
                0x0000000081013a54       0x23 binaries/rfscontrol.o
                                         0x24 (size before relaxing)
 *fill*         0x0000000081013a77        0x1 
 .rodata.str1.4
                0x0000000081013a78       0x63 binaries/rfsinit.o
                                         0x64 (size before relaxing)
 *fill*         0x0000000081013adb        0x1 
 .rodata.str1.4
                0x0000000081013adc       0x2a binaries/rfsndmsg.o
                                         0x2c (size before relaxing)
 .rodata.str1.4
                0x0000000000000000       0x24 binaries/rfsopen.o
 *fill*         0x0000000081013b06        0x2 
 .rodata.str1.4
                0x0000000081013b08       0x3d binaries/arp.o
                                         0x40 (size before relaxing)
 *fill*         0x0000000081013b45        0x3 
 .rodata.str1.4
                0x0000000081013b48       0xd3 binaries/dhcp.o
                                         0xd4 (size before relaxing)
 *fill*         0x0000000081013c1b        0x1 
 .rodata.str1.4
                0x0000000081013c1c       0x1a binaries/dns.o
                                         0x1c (size before relaxing)
 *fill*         0x0000000081013c36        0x2 
 .rodata.str1.4
                0x0000000081013c38       0xca binaries/hexdump.o
                                         0xd8 (size before relaxing)
 *fill*         0x0000000081013d02        0x2 
 .rodata.str1.4
                0x0000000081013d04       0x29 binaries/icmp.o
                                         0x2c (size before relaxing)
 *fill*         0x0000000081013d2d        0x3 
 .rodata.str1.4
                0x0000000081013d30       0x6e binaries/ip.o
                                         0x70 (size before relaxing)
 *fill*         0x0000000081013d9e        0x2 
 .rodata.str1.4
                0x0000000081013da0       0x53 binaries/net.o
                                         0x54 (size before relaxing)
 *fill*         0x0000000081013df3        0x1 
 .rodata.str1.4
                0x0000000081013df4      0x292 binaries/pdump.o
                                        0x298 (size before relaxing)
 *fill*         0x0000000081014086        0x2 
 .rodata.str1.4
                0x0000000081014088      0x154 binaries/tftp.o
                                        0x158 (size before relaxing)
 .rodata        0x00000000810141dc       0xfc binaries/shell.o
                0x00000000810141dc                cmdtab
 .rodata.str1.4
                0x00000000810142d8      0x2e6 binaries/shell.o
                                        0x2f0 (size before relaxing)
 *fill*         0x00000000810145be        0x2 
 .rodata.str1.4
                0x00000000810145c0       0x29 binaries/xsh_argecho.o
                                         0x30 (size before relaxing)
 *fill*         0x00000000810145e9        0x3 
 .rodata.str1.4
                0x00000000810145ec      0x13e binaries/xsh_arp.o
                                        0x144 (size before relaxing)
 *fill*         0x000000008101472a        0x2 
 .rodata.str1.4
                0x000000008101472c       0x81 binaries/xsh_cat.o
                                         0xd4 (size before relaxing)
 *fill*         0x00000000810147ad        0x3 
 .rodata.str1.4
                0x00000000810147b0       0x19 binaries/xsh_clear.o
                                         0x1c (size before relaxing)
 *fill*         0x00000000810147c9        0x3 
 .rodata.str1.4
                0x00000000810147cc      0x1af binaries/xsh_date.o
                                        0x1cc (size before relaxing)
 *fill*         0x000000008101497b        0x1 
 .rodata.str1.4
                0x000000008101497c       0x61 binaries/xsh_devdump.o
                                         0x64 (size before relaxing)
 *fill*         0x00000000810149dd        0x3 
 .rodata.str1.4
                0x00000000810149e0        0x8 binaries/xsh_echo.o
                                          0xc (size before relaxing)
 .rodata.str1.4
                0x00000000810149e8       0xe7 binaries/xsh_help.o
                                        0x17c (size before relaxing)
 *fill*         0x0000000081014acf        0x1 
 .rodata.str1.4
                0x0000000081014ad0       0xc8 binaries/xsh_kill.o
                                        0x138 (size before relaxing)
 .rodata.str1.4
                0x0000000081014b98      0x226 binaries/xsh_memdump.o
                                        0x27c (size before relaxing)
 *fill*         0x0000000081014dbe        0x2 
 .rodata.str1.4
                0x0000000081014dc0      0x1cc binaries/xsh_memstat.o
                                        0x234 (size before relaxing)
 .rodata.str1.4
                0x0000000081014f8c      0x10f binaries/xsh_netinfo.o
                                        0x1cc (size before relaxing)
 *fill*         0x000000008101509b        0x1 
 .rodata.str1.4
                0x000000008101509c      0x13f binaries/xsh_ping.o
                                        0x1b4 (size before relaxing)
 *fill*         0x00000000810151db        0x1 
 .rodata        0x00000000810151dc       0x20 binaries/xsh_ps.o
 .rodata.str1.4
                0x00000000810151fc      0x11a binaries/xsh_ps.o
                                        0x1d4 (size before relaxing)
 *fill*         0x0000000081015316        0x2 
 .rodata.str1.4
                0x0000000081015318       0x5e binaries/xsh_sleep.o
                                         0xf8 (size before relaxing)
 *fill*         0x0000000081015376        0x2 
 .rodata        0x0000000081015378        0xc binaries/xsh_udpdump.o
 .rodata.str1.4
                0x0000000081015384      0x122 binaries/xsh_udpdump.o
                                        0x1e0 (size before relaxing)
 *fill*         0x00000000810154a6        0x2 
 .rodata.str1.4
                0x00000000810154a8      0x1ae binaries/xsh_udpecho.o
                                        0x224 (size before relaxing)
 *fill*         0x0000000081015656        0x2 
 .rodata.str1.4
                0x0000000081015658       0x97 binaries/xsh_udpserver.o
                                        0x13c (size before relaxing)
 *fill*         0x00000000810156ef        0x1 
 .rodata.str1.4
                0x00000000810156f0       0x78 binaries/xsh_uptime.o
                                        0x114 (size before relaxing)
                0x0000000081015768                etext = ABSOLUTE (.)
                0x0000000081016000                . = ALIGN (0x1000)
 *fill*         0x0000000081015768      0x898 

.glue_7         0x0000000081016000        0x0
 .glue_7        0x0000000000000000        0x0 linker stubs

.glue_7t        0x0000000081016000        0x0
 .glue_7t       0x0000000000000000        0x0 linker stubs

.vfp11_veneer   0x0000000081016000        0x0
 .vfp11_veneer  0x0000000000000000        0x0 linker stubs

.v4_bx          0x0000000081016000        0x0
 .v4_bx         0x0000000000000000        0x0 linker stubs

.iplt           0x0000000081016000        0x0
 .iplt          0x0000000000000000        0x0 binaries/start.o

.rel.dyn        0x0000000081016000        0x0
 .rel.iplt      0x0000000000000000        0x0 binaries/start.o

.data           0x0000000081016000     0x1000
                0x0000000081016000                data = ABSOLUTE (.)
 *(.data .data.*)
 .data          0x0000000081016000        0x0 binaries/start.o
 .data          0x0000000081016000       0x88 binaries/ascdate.o
                0x0000000081016000                Date
 .data          0x0000000081016088        0x0 binaries/bufinit.o
 .data          0x0000000081016088        0x0 binaries/chprio.o
 .data          0x0000000081016088        0x4 binaries/clkhandler.o
 .data          0x000000008101608c        0x0 binaries/clkinit.o
 .data          0x000000008101608c        0x0 binaries/close.o
 .data          0x000000008101608c      0x618 binaries/conf.o
                0x000000008101608c                devtab
 .data          0x00000000810166a4        0x0 binaries/control.o
 .data          0x00000000810166a4        0x4 binaries/create.o
 .data          0x00000000810166a8       0x40 binaries/evec.o
                0x00000000810166a8                expmsg2
                0x00000000810166bc                expmsg1
 .data          0x00000000810166e8        0x0 binaries/exit.o
 .data          0x00000000810166e8        0x0 binaries/freebuf.o
 .data          0x00000000810166e8        0x0 binaries/freemem.o
 .data          0x00000000810166e8        0x0 binaries/getbuf.o
 .data          0x00000000810166e8        0x0 binaries/getc.o
 .data          0x00000000810166e8        0x0 binaries/getdev.o
 .data          0x00000000810166e8        0x0 binaries/getitem.o
 .data          0x00000000810166e8        0x0 binaries/getmem.o
 .data          0x00000000810166e8        0x0 binaries/getpid.o
 .data          0x00000000810166e8        0x0 binaries/getprio.o
 .data          0x00000000810166e8        0x0 binaries/getstk.o
 .data          0x00000000810166e8        0x0 binaries/getticks.o
 .data          0x00000000810166e8        0x0 binaries/gettime.o
 .data          0x00000000810166e8        0x0 binaries/getutime.o
 .data          0x00000000810166e8        0x0 binaries/init.o
 .data          0x00000000810166e8        0x0 binaries/initialize.o
 .data          0x00000000810166e8        0x0 binaries/insert.o
 .data          0x00000000810166e8        0x0 binaries/insertd.o
 .data          0x00000000810166e8        0x0 binaries/ioerr.o
 .data          0x00000000810166e8        0x0 binaries/ionull.o
 .data          0x00000000810166e8        0x0 binaries/kill.o
 .data          0x00000000810166e8        0x0 binaries/kprintf.o
 .data          0x00000000810166e8        0x0 binaries/main.o
 .data          0x00000000810166e8        0x0 binaries/mark.o
 .data          0x00000000810166e8        0x0 binaries/meminit.o
 .data          0x00000000810166e8        0x0 binaries/mkbufpool.o
 .data          0x00000000810166e8        0x2 binaries/newqueue.o
 .data          0x00000000810166ea        0x0 binaries/open.o
 .data          0x00000000810166ea        0x0 binaries/panic.o
 .data          0x00000000810166ea        0x0 binaries/platinit.o
 .data          0x00000000810166ea        0x0 binaries/ptclear.o
 .data          0x00000000810166ea        0x0 binaries/ptcount.o
 .data          0x00000000810166ea        0x0 binaries/ptcreate.o
 .data          0x00000000810166ea        0x0 binaries/ptdelete.o
 .data          0x00000000810166ea        0x0 binaries/ptinit.o
 .data          0x00000000810166ea        0x0 binaries/ptrecv.o
 .data          0x00000000810166ea        0x0 binaries/ptreset.o
 .data          0x00000000810166ea        0x0 binaries/ptsend.o
 .data          0x00000000810166ea        0x0 binaries/putc.o
 .data          0x00000000810166ea        0x0 binaries/queue.o
 .data          0x00000000810166ea        0x0 binaries/read.o
 .data          0x00000000810166ea        0x0 binaries/ready.o
 .data          0x00000000810166ea        0x0 binaries/receive.o
 .data          0x00000000810166ea        0x0 binaries/recvclr.o
 .data          0x00000000810166ea        0x0 binaries/recvtime.o
 .data          0x00000000810166ea        0x0 binaries/resched.o
 .data          0x00000000810166ea        0x0 binaries/resume.o
 .data          0x00000000810166ea        0x0 binaries/seek.o
 .data          0x00000000810166ea        0x0 binaries/semcount.o
 .data          0x00000000810166ea        0x0 binaries/semcreate.o
 .data          0x00000000810166ea        0x0 binaries/semdelete.o
 .data          0x00000000810166ea        0x0 binaries/semreset.o
 .data          0x00000000810166ea        0x0 binaries/send.o
 .data          0x00000000810166ea        0x0 binaries/signal.o
 .data          0x00000000810166ea        0x0 binaries/signaln.o
 .data          0x00000000810166ea        0x0 binaries/sleep.o
 .data          0x00000000810166ea        0x0 binaries/suspend.o
 .data          0x00000000810166ea        0x0 binaries/unsleep.o
 .data          0x00000000810166ea        0x0 binaries/userret.o
 .data          0x00000000810166ea        0x0 binaries/wait.o
 .data          0x00000000810166ea        0x0 binaries/wakeup.o
 .data          0x00000000810166ea        0x0 binaries/write.o
 .data          0x00000000810166ea        0x0 binaries/xdone.o
 .data          0x00000000810166ea        0x0 binaries/yield.o
 .data          0x00000000810166ea        0x0 binaries/abs.o
 .data          0x00000000810166ea        0x0 binaries/atoi.o
 .data          0x00000000810166ea        0x0 binaries/atol.o
 .data          0x00000000810166ea        0x0 binaries/bzero.o
 .data          0x00000000810166ea        0x0 binaries/ctype_.o
 .data          0x00000000810166ea        0x0 binaries/doprnt.o
 *fill*         0x00000000810166ea        0x2 
 .data          0x00000000810166ec       0x80 binaries/doscan.o
                0x00000000810166ec                _sctab
 .data          0x000000008101676c        0x0 binaries/fdoprnt.o
 .data          0x000000008101676c        0x0 binaries/fgetc.o
 .data          0x000000008101676c        0x0 binaries/fgets.o
 .data          0x000000008101676c        0x0 binaries/fprintf.o
 .data          0x000000008101676c        0x0 binaries/fputc.o
 .data          0x000000008101676c        0x0 binaries/fputs.o
 .data          0x000000008101676c        0x0 binaries/fscanf.o
 .data          0x000000008101676c        0x0 binaries/getchar.o
 .data          0x000000008101676c        0x0 binaries/labs.o
 .data          0x000000008101676c        0x0 binaries/memchr.o
 .data          0x000000008101676c        0x0 binaries/memcmp.o
 .data          0x000000008101676c        0x0 binaries/memcpy.o
 .data          0x000000008101676c        0x0 binaries/memset.o
 .data          0x000000008101676c        0x0 binaries/printf.o
 .data          0x000000008101676c        0x0 binaries/putchar.o
 .data          0x000000008101676c        0x0 binaries/qsort.o
 .data          0x000000008101676c        0x4 binaries/rand.o
 .data          0x0000000081016770        0x0 binaries/sprintf.o
 .data          0x0000000081016770        0x0 binaries/sscanf.o
 .data          0x0000000081016770        0x0 binaries/strchr.o
 .data          0x0000000081016770        0x0 binaries/strcmp.o
 .data          0x0000000081016770        0x0 binaries/strcpy.o
 .data          0x0000000081016770        0x0 binaries/strlen.o
 .data          0x0000000081016770        0x0 binaries/strncat.o
 .data          0x0000000081016770        0x0 binaries/strncmp.o
 .data          0x0000000081016770        0x0 binaries/strncpy.o
 .data          0x0000000081016770        0x0 binaries/strnlen.o
 .data          0x0000000081016770        0x0 binaries/strrchr.o
 .data          0x0000000081016770        0x0 binaries/strstr.o
 .data          0x0000000081016770        0x0 binaries/ttycontrol.o
 .data          0x0000000081016770        0x0 binaries/ttygetc.o
 .data          0x0000000081016770        0x0 binaries/ttyhandle_in.o
 .data          0x0000000081016770        0x0 binaries/ttyhandle_out.o
 .data          0x0000000081016770        0x0 binaries/ttyhandler.o
 .data          0x0000000081016770        0x0 binaries/ttyinit.o
 .data          0x0000000081016770        0x0 binaries/ttykickout.o
 .data          0x0000000081016770        0x0 binaries/ttyputc.o
 .data          0x0000000081016770        0x0 binaries/ttyread.o
 .data          0x0000000081016770        0x0 binaries/ttywrite.o
 .data          0x0000000081016770        0x0 binaries/mount.o
 .data          0x0000000081016770        0x0 binaries/naminit.o
 .data          0x0000000081016770        0x0 binaries/nammap.o
 .data          0x0000000081016770        0x0 binaries/namopen.o
 .data          0x0000000081016770        0x0 binaries/ethcontrol.o
 .data          0x0000000081016770        0x0 binaries/ethhandler.o
 .data          0x0000000081016770        0x0 binaries/ethinit.o
 .data          0x0000000081016770        0x0 binaries/ethread.o
 .data          0x0000000081016770        0x0 binaries/ethwrite.o
 .data          0x0000000081016770        0x0 binaries/rdsbufalloc.o
 .data          0x0000000081016770        0x0 binaries/rdsclose.o
 .data          0x0000000081016770        0x0 binaries/rdscomm.o
 .data          0x0000000081016770        0x0 binaries/rdscontrol.o
 .data          0x0000000081016770        0x0 binaries/rdsinit.o
 .data          0x0000000081016770        0x0 binaries/rdsopen.o
 .data          0x0000000081016770        0x0 binaries/rdsprocess.o
 .data          0x0000000081016770        0x0 binaries/rdsread.o
 .data          0x0000000081016770        0x0 binaries/rdswrite.o
 .data          0x0000000081016770        0x0 binaries/ramclose.o
 .data          0x0000000081016770        0x0 binaries/raminit.o
 .data          0x0000000081016770        0x0 binaries/ramopen.o
 .data          0x0000000081016770        0x0 binaries/ramread.o
 .data          0x0000000081016770        0x0 binaries/ramwrite.o
 .data          0x0000000081016770        0x0 binaries/lfdballoc.o
 .data          0x0000000081016770        0x0 binaries/lfdbfree.o
 .data          0x0000000081016770        0x0 binaries/lfflush.o
 .data          0x0000000081016770        0x0 binaries/lfgetmode.o
 .data          0x0000000081016770        0x0 binaries/lfiballoc.o
 .data          0x0000000081016770        0x0 binaries/lfibclear.o
 .data          0x0000000081016770        0x0 binaries/lfibget.o
 .data          0x0000000081016770        0x0 binaries/lfibput.o
 .data          0x0000000081016770        0x0 binaries/lflclose.o
 .data          0x0000000081016770        0x0 binaries/lflcontrol.o
 .data          0x0000000081016770        0x0 binaries/lflgetc.o
 .data          0x0000000081016770        0x0 binaries/lflinit.o
 .data          0x0000000081016770        0x0 binaries/lflputc.o
 .data          0x0000000081016770        0x0 binaries/lflread.o
 .data          0x0000000081016770        0x0 binaries/lflseek.o
 .data          0x0000000081016770        0x0 binaries/lflwrite.o
 .data          0x0000000081016770        0x0 binaries/lfscheck.o
 .data          0x0000000081016770        0x0 binaries/lfsckfmt.o
 .data          0x0000000081016770        0x0 binaries/lfscreate.o
 .data          0x0000000081016770        0x0 binaries/lfsetup.o
 .data          0x0000000081016770        0x0 binaries/lfsinit.o
 .data          0x0000000081016770        0x0 binaries/lfsopen.o
 .data          0x0000000081016770        0x0 binaries/lftruncate.o
 .data          0x0000000081016770        0x0 binaries/rflclose.o
 .data          0x0000000081016770        0x0 binaries/rflgetc.o
 .data          0x0000000081016770        0x0 binaries/rflinit.o
 .data          0x0000000081016770        0x0 binaries/rflputc.o
 .data          0x0000000081016770        0x0 binaries/rflread.o
 .data          0x0000000081016770        0x0 binaries/rflseek.o
 .data          0x0000000081016770        0x0 binaries/rflwrite.o
 .data          0x0000000081016770        0x0 binaries/rfscomm.o
 .data          0x0000000081016770        0x0 binaries/rfscontrol.o
 .data          0x0000000081016770        0x0 binaries/rfsgetmode.o
 .data          0x0000000081016770        0x0 binaries/rfsinit.o
 .data          0x0000000081016770        0x0 binaries/rfsndmsg.o
 .data          0x0000000081016770        0x0 binaries/rfsopen.o
 .data          0x0000000081016770        0x0 binaries/spicontrol.o
 .data          0x0000000081016770        0x0 binaries/spiinit.o
 .data          0x0000000081016770        0x0 binaries/arp.o
 .data          0x0000000081016770        0x0 binaries/dhcp.o
 .data          0x0000000081016770        0x0 binaries/dns.o
 .data          0x0000000081016770        0x0 binaries/dot2ip.o
 .data          0x0000000081016770        0x0 binaries/hexdump.o
 .data          0x0000000081016770        0x4 binaries/icmp.o
 .data          0x0000000081016774        0x0 binaries/ip.o
 .data          0x0000000081016774        0x0 binaries/net.o
 .data          0x0000000081016774        0x0 binaries/pdump.o
 .data          0x0000000081016774        0x0 binaries/tftp.o
 .data          0x0000000081016774        0x4 binaries/udp.o
 .data          0x0000000081016778        0x0 binaries/addargs.o
 .data          0x0000000081016778        0x0 binaries/lexan.o
 .data          0x0000000081016778        0x4 binaries/shell.o
                0x0000000081016778                ncmd
 .data          0x000000008101677c        0x0 binaries/xsh_argecho.o
 .data          0x000000008101677c        0x0 binaries/xsh_arp.o
 .data          0x000000008101677c        0x0 binaries/xsh_cat.o
 .data          0x000000008101677c        0x0 binaries/xsh_clear.o
 .data          0x000000008101677c        0x0 binaries/xsh_date.o
 .data          0x000000008101677c        0x0 binaries/xsh_devdump.o
 .data          0x000000008101677c        0x0 binaries/xsh_echo.o
 .data          0x000000008101677c        0x0 binaries/xsh_exit.o
 .data          0x000000008101677c        0x0 binaries/xsh_help.o
 .data          0x000000008101677c        0x0 binaries/xsh_kill.o
 .data          0x000000008101677c        0x0 binaries/xsh_memdump.o
 .data          0x000000008101677c        0x0 binaries/xsh_memstat.o
 .data          0x000000008101677c        0x0 binaries/xsh_netinfo.o
 .data          0x000000008101677c        0x0 binaries/xsh_ping.o
 .data          0x000000008101677c        0x0 binaries/xsh_ps.o
 .data          0x000000008101677c        0x0 binaries/xsh_sleep.o
 .data          0x000000008101677c        0x0 binaries/xsh_udpdump.o
 .data          0x000000008101677c        0x0 binaries/xsh_udpecho.o
 .data          0x000000008101677c        0x0 binaries/xsh_udpserver.o
 .data          0x000000008101677c        0x0 binaries/xsh_uptime.o
 .data          0x000000008101677c        0x0 binaries/ctxsw.o
 .data          0x000000008101677c        0x0 binaries/intr.o
 .data          0x000000008101677c        0x0 ../cross_compiler/lib/gcc/arm-none-eabi/4.8.1//libgcc.a(_udivsi3.o)
 .data          0x000000008101677c        0x0 ../cross_compiler/lib/gcc/arm-none-eabi/4.8.1//libgcc.a(_divsi3.o)
 .data          0x000000008101677c        0x0 ../cross_compiler/lib/gcc/arm-none-eabi/4.8.1//libgcc.a(_dvmd_tls.o)
 .data          0x000000008101677c        0x0 ../cross_compiler/lib/gcc/arm-none-eabi/4.8.1//libgcc.a(_arm_muldivdf3.o)
 .data          0x000000008101677c        0x0 ../cross_compiler/lib/gcc/arm-none-eabi/4.8.1//libgcc.a(_arm_cmpdf2.o)
 .data          0x000000008101677c        0x0 ../cross_compiler/lib/gcc/arm-none-eabi/4.8.1//libgcc.a(_arm_fixdfsi.o)
                0x000000008101677c                edata = ABSOLUTE (.)
                0x0000000081017000                . = ALIGN (0x1000)
 *fill*         0x000000008101677c      0x884 

.igot.plt       0x0000000081017000        0x0
 .igot.plt      0x0000000000000000        0x0 binaries/start.o

.bss            0x0000000081017000    0x20000
                0x0000000081017000                bss = ABSOLUTE (.)
 *(.bss .bss.*)
 .bss           0x0000000081017000        0x0 binaries/start.o
 .bss           0x0000000081017000        0x0 binaries/ascdate.o
 .bss           0x0000000081017000        0x0 binaries/bufinit.o
 .bss           0x0000000081017000        0x0 binaries/chprio.o
 .bss           0x0000000081017000        0x0 binaries/clkhandler.o
 .bss           0x0000000081017000        0x4 binaries/clkinit.o
                0x0000000081017000                ctr1000
 .bss           0x0000000081017004        0x0 binaries/close.o
 .bss           0x0000000081017004        0x0 binaries/conf.o
 .bss           0x0000000081017004        0x0 binaries/control.o
 .bss           0x0000000081017004        0x0 binaries/create.o
 .bss           0x0000000081017004        0x0 binaries/evec.o
 .bss           0x0000000081017004        0x0 binaries/exit.o
 .bss           0x0000000081017004        0x0 binaries/freebuf.o
 .bss           0x0000000081017004        0x0 binaries/freemem.o
 .bss           0x0000000081017004        0x0 binaries/getbuf.o
 .bss           0x0000000081017004        0x0 binaries/getc.o
 .bss           0x0000000081017004        0x0 binaries/getdev.o
 .bss           0x0000000081017004        0x0 binaries/getitem.o
 .bss           0x0000000081017004        0x0 binaries/getmem.o
 .bss           0x0000000081017004        0x0 binaries/getpid.o
 .bss           0x0000000081017004        0x0 binaries/getprio.o
 .bss           0x0000000081017004        0x0 binaries/getstk.o
 .bss           0x0000000081017004        0x0 binaries/getticks.o
 .bss           0x0000000081017004        0x0 binaries/gettime.o
 .bss           0x0000000081017004        0x0 binaries/getutime.o
 .bss           0x0000000081017004        0x0 binaries/init.o
 .bss           0x0000000081017004        0x0 binaries/initialize.o
 .bss           0x0000000081017004        0x0 binaries/insert.o
 .bss           0x0000000081017004        0x0 binaries/insertd.o
 .bss           0x0000000081017004        0x0 binaries/ioerr.o
 .bss           0x0000000081017004        0x0 binaries/ionull.o
 .bss           0x0000000081017004        0x0 binaries/kill.o
 .bss           0x0000000081017004        0x0 binaries/kprintf.o
 .bss           0x0000000081017004        0x0 binaries/main.o
 .bss           0x0000000081017004        0x0 binaries/mark.o
 .bss           0x0000000081017004        0x0 binaries/meminit.o
 .bss           0x0000000081017004        0x0 binaries/mkbufpool.o
 .bss           0x0000000081017004        0x0 binaries/newqueue.o
 .bss           0x0000000081017004        0x0 binaries/open.o
 .bss           0x0000000081017004        0x0 binaries/panic.o
 .bss           0x0000000081017004        0x0 binaries/platinit.o
 .bss           0x0000000081017004        0x0 binaries/ptclear.o
 .bss           0x0000000081017004        0x0 binaries/ptcount.o
 .bss           0x0000000081017004        0x0 binaries/ptcreate.o
 .bss           0x0000000081017004        0x0 binaries/ptdelete.o
 .bss           0x0000000081017004        0x0 binaries/ptinit.o
 .bss           0x0000000081017004        0x0 binaries/ptrecv.o
 .bss           0x0000000081017004        0x0 binaries/ptreset.o
 .bss           0x0000000081017004        0x0 binaries/ptsend.o
 .bss           0x0000000081017004        0x0 binaries/putc.o
 .bss           0x0000000081017004        0x0 binaries/queue.o
 .bss           0x0000000081017004        0x0 binaries/read.o
 .bss           0x0000000081017004        0x0 binaries/ready.o
 .bss           0x0000000081017004        0x0 binaries/receive.o
 .bss           0x0000000081017004        0x0 binaries/recvclr.o
 .bss           0x0000000081017004        0x0 binaries/recvtime.o
 .bss           0x0000000081017004        0x0 binaries/resched.o
 .bss           0x0000000081017004        0x0 binaries/resume.o
 .bss           0x0000000081017004        0x0 binaries/seek.o
 .bss           0x0000000081017004        0x0 binaries/semcount.o
 .bss           0x0000000081017004        0x4 binaries/semcreate.o
 .bss           0x0000000081017008        0x0 binaries/semdelete.o
 .bss           0x0000000081017008        0x0 binaries/semreset.o
 .bss           0x0000000081017008        0x0 binaries/send.o
 .bss           0x0000000081017008        0x0 binaries/signal.o
 .bss           0x0000000081017008        0x0 binaries/signaln.o
 .bss           0x0000000081017008        0x0 binaries/sleep.o
 .bss           0x0000000081017008        0x0 binaries/suspend.o
 .bss           0x0000000081017008        0x0 binaries/unsleep.o
 .bss           0x0000000081017008        0x0 binaries/userret.o
 .bss           0x0000000081017008        0x0 binaries/wait.o
 .bss           0x0000000081017008        0x0 binaries/wakeup.o
 .bss           0x0000000081017008        0x0 binaries/write.o
 .bss           0x0000000081017008        0x0 binaries/xdone.o
 .bss           0x0000000081017008        0x0 binaries/yield.o
 .bss           0x0000000081017008        0x0 binaries/abs.o
 .bss           0x0000000081017008        0x0 binaries/atoi.o
 .bss           0x0000000081017008        0x0 binaries/atol.o
 .bss           0x0000000081017008        0x0 binaries/bzero.o
 .bss           0x0000000081017008        0x0 binaries/ctype_.o
 .bss           0x0000000081017008        0x0 binaries/doprnt.o
 .bss           0x0000000081017008        0x0 binaries/doscan.o
 .bss           0x0000000081017008        0x0 binaries/fdoprnt.o
 .bss           0x0000000081017008        0x0 binaries/fgetc.o
 .bss           0x0000000081017008        0x0 binaries/fgets.o
 .bss           0x0000000081017008        0x0 binaries/fprintf.o
 .bss           0x0000000081017008        0x0 binaries/fputc.o
 .bss           0x0000000081017008        0x0 binaries/fputs.o
 .bss           0x0000000081017008        0x0 binaries/fscanf.o
 .bss           0x0000000081017008        0x0 binaries/getchar.o
 .bss           0x0000000081017008        0x0 binaries/labs.o
 .bss           0x0000000081017008        0x0 binaries/memchr.o
 .bss           0x0000000081017008        0x0 binaries/memcmp.o
 .bss           0x0000000081017008        0x0 binaries/memcpy.o
 .bss           0x0000000081017008        0x0 binaries/memset.o
 .bss           0x0000000081017008        0x0 binaries/printf.o
 .bss           0x0000000081017008        0x0 binaries/putchar.o
 .bss           0x0000000081017008        0x8 binaries/qsort.o
 .bss           0x0000000081017010        0x0 binaries/rand.o
 .bss           0x0000000081017010        0x0 binaries/sprintf.o
 .bss           0x0000000081017010        0x0 binaries/sscanf.o
 .bss           0x0000000081017010        0x0 binaries/strchr.o
 .bss           0x0000000081017010        0x0 binaries/strcmp.o
 .bss           0x0000000081017010        0x0 binaries/strcpy.o
 .bss           0x0000000081017010        0x0 binaries/strlen.o
 .bss           0x0000000081017010        0x0 binaries/strncat.o
 .bss           0x0000000081017010        0x0 binaries/strncmp.o
 .bss           0x0000000081017010        0x0 binaries/strncpy.o
 .bss           0x0000000081017010        0x0 binaries/strnlen.o
 .bss           0x0000000081017010        0x0 binaries/strrchr.o
 .bss           0x0000000081017010        0x0 binaries/strstr.o
 .bss           0x0000000081017010        0x0 binaries/ttycontrol.o
 .bss           0x0000000081017010        0x0 binaries/ttygetc.o
 .bss           0x0000000081017010        0x0 binaries/ttyhandle_in.o
 .bss           0x0000000081017010        0x0 binaries/ttyhandle_out.o
 .bss           0x0000000081017010        0x0 binaries/ttyhandler.o
 .bss           0x0000000081017010        0x0 binaries/ttyinit.o
 .bss           0x0000000081017010        0x0 binaries/ttykickout.o
 .bss           0x0000000081017010        0x0 binaries/ttyputc.o
 .bss           0x0000000081017010        0x0 binaries/ttyread.o
 .bss           0x0000000081017010        0x0 binaries/ttywrite.o
 .bss           0x0000000081017010        0x0 binaries/mount.o
 .bss           0x0000000081017010        0x0 binaries/naminit.o
 .bss           0x0000000081017010        0x0 binaries/nammap.o
 .bss           0x0000000081017010        0x0 binaries/namopen.o
 .bss           0x0000000081017010        0x0 binaries/ethcontrol.o
 .bss           0x0000000081017010        0x0 binaries/ethhandler.o
 .bss           0x0000000081017010        0x0 binaries/ethinit.o
 .bss           0x0000000081017010        0x0 binaries/ethread.o
 .bss           0x0000000081017010        0x0 binaries/ethwrite.o
 .bss           0x0000000081017010        0x0 binaries/rdsbufalloc.o
 .bss           0x0000000081017010        0x0 binaries/rdsclose.o
 .bss           0x0000000081017010        0x0 binaries/rdscomm.o
 .bss           0x0000000081017010        0x0 binaries/rdscontrol.o
 .bss           0x0000000081017010        0x0 binaries/rdsinit.o
 .bss           0x0000000081017010        0x0 binaries/rdsopen.o
 .bss           0x0000000081017010        0x0 binaries/rdsprocess.o
 .bss           0x0000000081017010        0x0 binaries/rdsread.o
 .bss           0x0000000081017010        0x0 binaries/rdswrite.o
 .bss           0x0000000081017010        0x0 binaries/ramclose.o
 .bss           0x0000000081017010        0x0 binaries/raminit.o
 .bss           0x0000000081017010        0x0 binaries/ramopen.o
 .bss           0x0000000081017010        0x0 binaries/ramread.o
 .bss           0x0000000081017010        0x0 binaries/ramwrite.o
 .bss           0x0000000081017010        0x0 binaries/lfdballoc.o
 .bss           0x0000000081017010        0x0 binaries/lfdbfree.o
 .bss           0x0000000081017010        0x0 binaries/lfflush.o
 .bss           0x0000000081017010        0x0 binaries/lfgetmode.o
 .bss           0x0000000081017010        0x0 binaries/lfiballoc.o
 .bss           0x0000000081017010        0x0 binaries/lfibclear.o
 .bss           0x0000000081017010        0x0 binaries/lfibget.o
 .bss           0x0000000081017010        0x0 binaries/lfibput.o
 .bss           0x0000000081017010        0x0 binaries/lflclose.o
 .bss           0x0000000081017010        0x0 binaries/lflcontrol.o
 .bss           0x0000000081017010        0x0 binaries/lflgetc.o
 .bss           0x0000000081017010        0x0 binaries/lflinit.o
 .bss           0x0000000081017010        0x0 binaries/lflputc.o
 .bss           0x0000000081017010        0x0 binaries/lflread.o
 .bss           0x0000000081017010        0x0 binaries/lflseek.o
 .bss           0x0000000081017010        0x0 binaries/lflwrite.o
 .bss           0x0000000081017010        0x0 binaries/lfscheck.o
 .bss           0x0000000081017010        0x0 binaries/lfsckfmt.o
 .bss           0x0000000081017010        0x0 binaries/lfscreate.o
 .bss           0x0000000081017010        0x0 binaries/lfsetup.o
 .bss           0x0000000081017010        0x0 binaries/lfsinit.o
 .bss           0x0000000081017010        0x0 binaries/lfsopen.o
 .bss           0x0000000081017010        0x0 binaries/lftruncate.o
 .bss           0x0000000081017010        0x0 binaries/rflclose.o
 .bss           0x0000000081017010        0x0 binaries/rflgetc.o
 .bss           0x0000000081017010        0x0 binaries/rflinit.o
 .bss           0x0000000081017010        0x0 binaries/rflputc.o
 .bss           0x0000000081017010        0x0 binaries/rflread.o
 .bss           0x0000000081017010        0x0 binaries/rflseek.o
 .bss           0x0000000081017010        0x0 binaries/rflwrite.o
 .bss           0x0000000081017010        0x0 binaries/rfscomm.o
 .bss           0x0000000081017010        0x0 binaries/rfscontrol.o
 .bss           0x0000000081017010        0x0 binaries/rfsgetmode.o
 .bss           0x0000000081017010        0x0 binaries/rfsinit.o
 .bss           0x0000000081017010        0x0 binaries/rfsndmsg.o
 .bss           0x0000000081017010        0x0 binaries/rfsopen.o
 .bss           0x0000000081017010        0x0 binaries/spicontrol.o
 .bss           0x0000000081017010        0x0 binaries/spiinit.o
 .bss           0x0000000081017010        0x0 binaries/arp.o
 .bss           0x0000000081017010        0x0 binaries/dhcp.o
 .bss           0x0000000081017010        0x0 binaries/dns.o
 .bss           0x0000000081017010        0x0 binaries/dot2ip.o
 .bss           0x0000000081017010        0x0 binaries/hexdump.o
 .bss           0x0000000081017010        0x0 binaries/icmp.o
 .bss           0x0000000081017010        0x0 binaries/ip.o
 .bss           0x0000000081017010        0x0 binaries/net.o
 .bss           0x0000000081017010        0x0 binaries/pdump.o
 .bss           0x0000000081017010        0x0 binaries/tftp.o
 .bss           0x0000000081017010        0x0 binaries/udp.o
 .bss           0x0000000081017010        0x0 binaries/addargs.o
 .bss           0x0000000081017010        0x0 binaries/lexan.o
 .bss           0x0000000081017010        0x0 binaries/shell.o
 .bss           0x0000000081017010        0x0 binaries/xsh_argecho.o
 .bss           0x0000000081017010        0x0 binaries/xsh_arp.o
 .bss           0x0000000081017010        0x0 binaries/xsh_cat.o
 .bss           0x0000000081017010        0x0 binaries/xsh_clear.o
 .bss           0x0000000081017010        0x0 binaries/xsh_date.o
 .bss           0x0000000081017010        0x0 binaries/xsh_devdump.o
 .bss           0x0000000081017010        0x0 binaries/xsh_echo.o
 .bss           0x0000000081017010        0x0 binaries/xsh_exit.o
 .bss           0x0000000081017010        0x0 binaries/xsh_help.o
 .bss           0x0000000081017010        0x0 binaries/xsh_kill.o
 .bss           0x0000000081017010        0x0 binaries/xsh_memdump.o
 .bss           0x0000000081017010        0x0 binaries/xsh_memstat.o
 .bss           0x0000000081017010        0x0 binaries/xsh_netinfo.o
 .bss           0x0000000081017010        0x4 binaries/xsh_ping.o
 .bss           0x0000000081017014        0x0 binaries/xsh_ps.o
 .bss           0x0000000081017014        0x0 binaries/xsh_sleep.o
 .bss           0x0000000081017014        0x0 binaries/xsh_udpdump.o
 .bss           0x0000000081017014        0x0 binaries/xsh_udpecho.o
 .bss           0x0000000081017014        0x0 binaries/xsh_udpserver.o
 .bss           0x0000000081017014        0x0 binaries/xsh_uptime.o
 .bss           0x0000000081017014        0x0 binaries/ctxsw.o
 .bss           0x0000000081017014        0x0 binaries/intr.o
 .bss           0x0000000081017014        0x0 ../cross_compiler/lib/gcc/arm-none-eabi/4.8.1//libgcc.a(_udivsi3.o)
 .bss           0x0000000081017014        0x0 ../cross_compiler/lib/gcc/arm-none-eabi/4.8.1//libgcc.a(_divsi3.o)
[...]
                0x00000000000020db       0x35 binaries/lflwrite.o
 .ARM.attributes
                0x0000000000002110       0x35 binaries/lfscheck.o
 .ARM.attributes
                0x0000000000002145       0x35 binaries/lfsckfmt.o
 .ARM.attributes
                0x000000000000217a       0x35 binaries/lfscreate.o
 .ARM.attributes
                0x00000000000021af       0x35 binaries/lfsetup.o
 .ARM.attributes
                0x00000000000021e4       0x35 binaries/lfsinit.o
 .ARM.attributes
                0x0000000000002219       0x35 binaries/lfsopen.o
 .ARM.attributes
                0x000000000000224e       0x35 binaries/lftruncate.o
 .ARM.attributes
                0x0000000000002283       0x35 binaries/rflclose.o
 .ARM.attributes
                0x00000000000022b8       0x35 binaries/rflgetc.o
 .ARM.attributes
                0x00000000000022ed       0x35 binaries/rflinit.o
 .ARM.attributes
                0x0000000000002322       0x35 binaries/rflputc.o
 .ARM.attributes
                0x0000000000002357       0x35 binaries/rflread.o
 .ARM.attributes
                0x000000000000238c       0x35 binaries/rflseek.o
 .ARM.attributes
                0x00000000000023c1       0x35 binaries/rflwrite.o
 .ARM.attributes
                0x00000000000023f6       0x35 binaries/rfscomm.o
 .ARM.attributes
                0x000000000000242b       0x35 binaries/rfscontrol.o
 .ARM.attributes
                0x0000000000002460       0x35 binaries/rfsgetmode.o
 .ARM.attributes
                0x0000000000002495       0x35 binaries/rfsinit.o
 .ARM.attributes
                0x00000000000024ca       0x35 binaries/rfsndmsg.o
 .ARM.attributes
                0x00000000000024ff       0x35 binaries/rfsopen.o
 .ARM.attributes
                0x0000000000002534       0x35 binaries/spicontrol.o
 .ARM.attributes
                0x0000000000002569       0x35 binaries/spiinit.o
 .ARM.attributes
                0x000000000000259e       0x35 binaries/arp.o
 .ARM.attributes
                0x00000000000025d3       0x35 binaries/dhcp.o
 .ARM.attributes
                0x0000000000002608       0x35 binaries/dns.o
 .ARM.attributes
                0x000000000000263d       0x35 binaries/dot2ip.o
 .ARM.attributes
                0x0000000000002672       0x35 binaries/hexdump.o
 .ARM.attributes
                0x00000000000026a7       0x35 binaries/icmp.o
 .ARM.attributes
                0x00000000000026dc       0x35 binaries/ip.o
 .ARM.attributes
                0x0000000000002711       0x35 binaries/net.o
 .ARM.attributes
                0x0000000000002746       0x35 binaries/pdump.o
 .ARM.attributes
                0x000000000000277b       0x35 binaries/tftp.o
 .ARM.attributes
                0x00000000000027b0       0x35 binaries/udp.o
 .ARM.attributes
                0x00000000000027e5       0x35 binaries/addargs.o
 .ARM.attributes
                0x000000000000281a       0x35 binaries/lexan.o
 .ARM.attributes
                0x000000000000284f       0x35 binaries/shell.o
 .ARM.attributes
                0x0000000000002884       0x35 binaries/xsh_argecho.o
 .ARM.attributes
                0x00000000000028b9       0x35 binaries/xsh_arp.o
 .ARM.attributes
                0x00000000000028ee       0x35 binaries/xsh_cat.o
 .ARM.attributes
                0x0000000000002923       0x35 binaries/xsh_clear.o
 .ARM.attributes
                0x0000000000002958       0x35 binaries/xsh_date.o
 .ARM.attributes
                0x000000000000298d       0x35 binaries/xsh_devdump.o
 .ARM.attributes
                0x00000000000029c2       0x35 binaries/xsh_echo.o
 .ARM.attributes
                0x00000000000029f7       0x35 binaries/xsh_exit.o
 .ARM.attributes
                0x0000000000002a2c       0x35 binaries/xsh_help.o
 .ARM.attributes
                0x0000000000002a61       0x35 binaries/xsh_kill.o
 .ARM.attributes
                0x0000000000002a96       0x35 binaries/xsh_memdump.o
 .ARM.attributes
                0x0000000000002acb       0x35 binaries/xsh_memstat.o
 .ARM.attributes
                0x0000000000002b00       0x35 binaries/xsh_netinfo.o
 .ARM.attributes
                0x0000000000002b35       0x35 binaries/xsh_ping.o
 .ARM.attributes
                0x0000000000002b6a       0x35 binaries/xsh_ps.o
 .ARM.attributes
                0x0000000000002b9f       0x35 binaries/xsh_sleep.o
 .ARM.attributes
                0x0000000000002bd4       0x35 binaries/xsh_udpdump.o
 .ARM.attributes
                0x0000000000002c09       0x35 binaries/xsh_udpecho.o
 .ARM.attributes
                0x0000000000002c3e       0x35 binaries/xsh_udpserver.o
 .ARM.attributes
                0x0000000000002c73       0x35 binaries/xsh_uptime.o
 .ARM.attributes
                0x0000000000002ca8       0x25 binaries/ctxsw.o
 .ARM.attributes
                0x0000000000002ccd       0x25 binaries/intr.o
 .ARM.attributes
                0x0000000000002cf2       0x18 ../cross_compiler/lib/gcc/arm-none-eabi/4.8.1//libgcc.a(_udivsi3.o)
 .ARM.attributes
                0x0000000000002d0a       0x18 ../cross_compiler/lib/gcc/arm-none-eabi/4.8.1//libgcc.a(_divsi3.o)
 .ARM.attributes
                0x0000000000002d22       0x18 ../cross_compiler/lib/gcc/arm-none-eabi/4.8.1//libgcc.a(_dvmd_tls.o)
 .ARM.attributes
                0x0000000000002d3a       0x18 ../cross_compiler/lib/gcc/arm-none-eabi/4.8.1//libgcc.a(_arm_muldivdf3.o)
 .ARM.attributes
                0x0000000000002d52       0x18 ../cross_compiler/lib/gcc/arm-none-eabi/4.8.1//libgcc.a(_arm_cmpdf2.o)
 .ARM.attributes
                0x0000000000002d6a       0x18 ../cross_compiler/lib/gcc/arm-none-eabi/4.8.1//libgcc.a(_arm_fixdfsi.o)

.comment        0x0000000000000000       0x11
 .comment       0x0000000000000000       0x11 binaries/ascdate.o
                                         0x12 (size before relaxing)
 .comment       0x0000000000000000       0x12 binaries/bufinit.o
 .comment       0x0000000000000000       0x12 binaries/chprio.o
 .comment       0x0000000000000000       0x12 binaries/clkhandler.o
 .comment       0x0000000000000000       0x12 binaries/clkinit.o
 .comment       0x0000000000000000       0x12 binaries/close.o
 .comment       0x0000000000000000       0x12 binaries/conf.o
 .comment       0x0000000000000000       0x12 binaries/control.o
 .comment       0x0000000000000000       0x12 binaries/create.o
 .comment       0x0000000000000000       0x12 binaries/evec.o
 .comment       0x0000000000000000       0x12 binaries/exit.o
 .comment       0x0000000000000000       0x12 binaries/freebuf.o
 .comment       0x0000000000000000       0x12 binaries/freemem.o
 .comment       0x0000000000000000       0x12 binaries/getbuf.o
 .comment       0x0000000000000000       0x12 binaries/getc.o
 .comment       0x0000000000000000       0x12 binaries/getdev.o
 .comment       0x0000000000000000       0x12 binaries/getitem.o
 .comment       0x0000000000000000       0x12 binaries/getmem.o
 .comment       0x0000000000000000       0x12 binaries/getpid.o
 .comment       0x0000000000000000       0x12 binaries/getprio.o
 .comment       0x0000000000000000       0x12 binaries/getstk.o
 .comment       0x0000000000000000       0x12 binaries/getticks.o
 .comment       0x0000000000000000       0x12 binaries/gettime.o
 .comment       0x0000000000000000       0x12 binaries/getutime.o
 .comment       0x0000000000000000       0x12 binaries/init.o
 .comment       0x0000000000000000       0x12 binaries/initialize.o
 .comment       0x0000000000000000       0x12 binaries/insert.o
 .comment       0x0000000000000000       0x12 binaries/insertd.o
 .comment       0x0000000000000000       0x12 binaries/ioerr.o
 .comment       0x0000000000000000       0x12 binaries/ionull.o
 .comment       0x0000000000000000       0x12 binaries/kill.o
 .comment       0x0000000000000000       0x12 binaries/kprintf.o
 .comment       0x0000000000000000       0x12 binaries/main.o
 .comment       0x0000000000000000       0x12 binaries/mark.o
 .comment       0x0000000000000000       0x12 binaries/meminit.o
 .comment       0x0000000000000000       0x12 binaries/mkbufpool.o
 .comment       0x0000000000000000       0x12 binaries/newqueue.o
 .comment       0x0000000000000000       0x12 binaries/open.o
 .comment       0x0000000000000000       0x12 binaries/panic.o
 .comment       0x0000000000000000       0x12 binaries/platinit.o
 .comment       0x0000000000000000       0x12 binaries/ptclear.o
 .comment       0x0000000000000000       0x12 binaries/ptcount.o
 .comment       0x0000000000000000       0x12 binaries/ptcreate.o
 .comment       0x0000000000000000       0x12 binaries/ptdelete.o
 .comment       0x0000000000000000       0x12 binaries/ptinit.o
 .comment       0x0000000000000000       0x12 binaries/ptrecv.o
 .comment       0x0000000000000000       0x12 binaries/ptreset.o
 .comment       0x0000000000000000       0x12 binaries/ptsend.o
 .comment       0x0000000000000000       0x12 binaries/putc.o
 .comment       0x0000000000000000       0x12 binaries/queue.o
 .comment       0x0000000000000000       0x12 binaries/read.o
 .comment       0x0000000000000000       0x12 binaries/ready.o
 .comment       0x0000000000000000       0x12 binaries/receive.o
 .comment       0x0000000000000000       0x12 binaries/recvclr.o
 .comment       0x0000000000000000       0x12 binaries/recvtime.o
 .comment       0x0000000000000000       0x12 binaries/resched.o
 .comment       0x0000000000000000       0x12 binaries/resume.o
 .comment       0x0000000000000000       0x12 binaries/seek.o
 .comment       0x0000000000000000       0x12 binaries/semcount.o
 .comment       0x0000000000000000       0x12 binaries/semcreate.o
 .comment       0x0000000000000000       0x12 binaries/semdelete.o
 .comment       0x0000000000000000       0x12 binaries/semreset.o
 .comment       0x0000000000000000       0x12 binaries/send.o
 .comment       0x0000000000000000       0x12 binaries/signal.o
 .comment       0x0000000000000000       0x12 binaries/signaln.o
 .comment       0x0000000000000000       0x12 binaries/sleep.o
 .comment       0x0000000000000000       0x12 binaries/suspend.o
 .comment       0x0000000000000000       0x12 binaries/unsleep.o
 .comment       0x0000000000000000       0x12 binaries/userret.o
 .comment       0x0000000000000000       0x12 binaries/wait.o
 .comment       0x0000000000000000       0x12 binaries/wakeup.o
 .comment       0x0000000000000000       0x12 binaries/write.o
 .comment       0x0000000000000000       0x12 binaries/xdone.o
 .comment       0x0000000000000000       0x12 binaries/yield.o
 .comment       0x0000000000000000       0x12 binaries/abs.o
 .comment       0x0000000000000000       0x12 binaries/atoi.o
 .comment       0x0000000000000000       0x12 binaries/atol.o
 .comment       0x0000000000000000       0x12 binaries/bzero.o
 .comment       0x0000000000000000       0x12 binaries/ctype_.o
 .comment       0x0000000000000000       0x12 binaries/doprnt.o
 .comment       0x0000000000000000       0x12 binaries/doscan.o
 .comment       0x0000000000000000       0x12 binaries/fdoprnt.o
 .comment       0x0000000000000000       0x12 binaries/fgetc.o
 .comment       0x0000000000000000       0x12 binaries/fgets.o
 .comment       0x0000000000000000       0x12 binaries/fprintf.o
 .comment       0x0000000000000000       0x12 binaries/fputc.o
 .comment       0x0000000000000000       0x12 binaries/fputs.o
 .comment       0x0000000000000000       0x12 binaries/fscanf.o
 .comment       0x0000000000000000       0x12 binaries/getchar.o
 .comment       0x0000000000000000       0x12 binaries/labs.o
 .comment       0x0000000000000000       0x12 binaries/memchr.o
 .comment       0x0000000000000000       0x12 binaries/memcmp.o
 .comment       0x0000000000000000       0x12 binaries/memcpy.o
 .comment       0x0000000000000000       0x12 binaries/memset.o
 .comment       0x0000000000000000       0x12 binaries/printf.o
 .comment       0x0000000000000000       0x12 binaries/putchar.o
 .comment       0x0000000000000000       0x12 binaries/qsort.o
 .comment       0x0000000000000000       0x12 binaries/rand.o
 .comment       0x0000000000000000       0x12 binaries/sprintf.o
 .comment       0x0000000000000000       0x12 binaries/sscanf.o
 .comment       0x0000000000000000       0x12 binaries/strchr.o
 .comment       0x0000000000000000       0x12 binaries/strcmp.o
 .comment       0x0000000000000000       0x12 binaries/strcpy.o
 .comment       0x0000000000000000       0x12 binaries/strlen.o
 .comment       0x0000000000000000       0x12 binaries/strncat.o
 .comment       0x0000000000000000       0x12 binaries/strncmp.o
 .comment       0x0000000000000000       0x12 binaries/strncpy.o
 .comment       0x0000000000000000       0x12 binaries/strnlen.o
 .comment       0x0000000000000000       0x12 binaries/strrchr.o
 .comment       0x0000000000000000       0x12 binaries/strstr.o
 .comment       0x0000000000000000       0x12 binaries/ttycontrol.o
 .comment       0x0000000000000000       0x12 binaries/ttygetc.o
 .comment       0x0000000000000000       0x12 binaries/ttyhandle_in.o
 .comment       0x0000000000000000       0x12 binaries/ttyhandle_out.o
 .comment       0x0000000000000000       0x12 binaries/ttyhandler.o
 .comment       0x0000000000000000       0x12 binaries/ttyinit.o
 .comment       0x0000000000000000       0x12 binaries/ttykickout.o
 .comment       0x0000000000000000       0x12 binaries/ttyputc.o
 .comment       0x0000000000000000       0x12 binaries/ttyread.o
 .comment       0x0000000000000000       0x12 binaries/ttywrite.o
 .comment       0x0000000000000000       0x12 binaries/mount.o
 .comment       0x0000000000000000       0x12 binaries/naminit.o
 .comment       0x0000000000000000       0x12 binaries/nammap.o
 .comment       0x0000000000000000       0x12 binaries/namopen.o
 .comment       0x0000000000000000       0x12 binaries/ethcontrol.o
 .comment       0x0000000000000000       0x12 binaries/ethhandler.o
 .comment       0x0000000000000000       0x12 binaries/ethinit.o
 .comment       0x0000000000000000       0x12 binaries/ethread.o
 .comment       0x0000000000000000       0x12 binaries/ethwrite.o
 .comment       0x0000000000000000       0x12 binaries/rdsbufalloc.o
 .comment       0x0000000000000000       0x12 binaries/rdsclose.o
 .comment       0x0000000000000000       0x12 binaries/rdscomm.o
 .comment       0x0000000000000000       0x12 binaries/rdscontrol.o
 .comment       0x0000000000000000       0x12 binaries/rdsinit.o
 .comment       0x0000000000000000       0x12 binaries/rdsopen.o
 .comment       0x0000000000000000       0x12 binaries/rdsprocess.o
 .comment       0x0000000000000000       0x12 binaries/rdsread.o
 .comment       0x0000000000000000       0x12 binaries/rdswrite.o
 .comment       0x0000000000000000       0x12 binaries/ramclose.o
 .comment       0x0000000000000000       0x12 binaries/raminit.o
 .comment       0x0000000000000000       0x12 binaries/ramopen.o
 .comment       0x0000000000000000       0x12 binaries/ramread.o
 .comment       0x0000000000000000       0x12 binaries/ramwrite.o
 .comment       0x0000000000000000       0x12 binaries/lfdballoc.o
 .comment       0x0000000000000000       0x12 binaries/lfdbfree.o
 .comment       0x0000000000000000       0x12 binaries/lfflush.o
 .comment       0x0000000000000000       0x12 binaries/lfgetmode.o
 .comment       0x0000000000000000       0x12 binaries/lfiballoc.o
 .comment       0x0000000000000000       0x12 binaries/lfibclear.o
 .comment       0x0000000000000000       0x12 binaries/lfibget.o
 .comment       0x0000000000000000       0x12 binaries/lfibput.o
 .comment       0x0000000000000000       0x12 binaries/lflclose.o
 .comment       0x0000000000000000       0x12 binaries/lflcontrol.o
 .comment       0x0000000000000000       0x12 binaries/lflgetc.o
 .comment       0x0000000000000000       0x12 binaries/lflinit.o
 .comment       0x0000000000000000       0x12 binaries/lflputc.o
 .comment       0x0000000000000000       0x12 binaries/lflread.o
 .comment       0x0000000000000000       0x12 binaries/lflseek.o
 .comment       0x0000000000000000       0x12 binaries/lflwrite.o
 .comment       0x0000000000000000       0x12 binaries/lfscheck.o
 .comment       0x0000000000000000       0x12 binaries/lfsckfmt.o
 .comment       0x0000000000000000       0x12 binaries/lfscreate.o
 .comment       0x0000000000000000       0x12 binaries/lfsetup.o
 .comment       0x0000000000000000       0x12 binaries/lfsinit.o
 .comment       0x0000000000000000       0x12 binaries/lfsopen.o
 .comment       0x0000000000000000       0x12 binaries/lftruncate.o
 .comment       0x0000000000000000       0x12 binaries/rflclose.o
 .comment       0x0000000000000000       0x12 binaries/rflgetc.o
 .comment       0x0000000000000000       0x12 binaries/rflinit.o
 .comment       0x0000000000000000       0x12 binaries/rflputc.o
 .comment       0x0000000000000000       0x12 binaries/rflread.o
 .comment       0x0000000000000000       0x12 binaries/rflseek.o
 .comment       0x0000000000000000       0x12 binaries/rflwrite.o
 .comment       0x0000000000000000       0x12 binaries/rfscomm.o
 .comment       0x0000000000000000       0x12 binaries/rfscontrol.o
 .comment       0x0000000000000000       0x12 binaries/rfsgetmode.o
 .comment       0x0000000000000000       0x12 binaries/rfsinit.o
 .comment       0x0000000000000000       0x12 binaries/rfsndmsg.o
 .comment       0x0000000000000000       0x12 binaries/rfsopen.o
 .comment       0x0000000000000000       0x12 binaries/spicontrol.o
 .comment       0x0000000000000000       0x12 binaries/spiinit.o
 .comment       0x0000000000000000       0x12 binaries/arp.o
 .comment       0x0000000000000000       0x12 binaries/dhcp.o
 .comment       0x0000000000000000       0x12 binaries/dns.o
 .comment       0x0000000000000000       0x12 binaries/dot2ip.o
 .comment       0x0000000000000000       0x12 binaries/hexdump.o
 .comment       0x0000000000000000       0x12 binaries/icmp.o
 .comment       0x0000000000000000       0x12 binaries/ip.o
 .comment       0x0000000000000000       0x12 binaries/net.o
 .comment       0x0000000000000000       0x12 binaries/pdump.o
 .comment       0x0000000000000000       0x12 binaries/tftp.o
 .comment       0x0000000000000000       0x12 binaries/udp.o
 .comment       0x0000000000000000       0x12 binaries/addargs.o
 .comment       0x0000000000000000       0x12 binaries/lexan.o
 .comment       0x0000000000000000       0x12 binaries/shell.o
 .comment       0x0000000000000000       0x12 binaries/xsh_argecho.o
 .comment       0x0000000000000000       0x12 binaries/xsh_arp.o
 .comment       0x0000000000000000       0x12 binaries/xsh_cat.o
 .comment       0x0000000000000000       0x12 binaries/xsh_clear.o
 .comment       0x0000000000000000       0x12 binaries/xsh_date.o
 .comment       0x0000000000000000       0x12 binaries/xsh_devdump.o
 .comment       0x0000000000000000       0x12 binaries/xsh_echo.o
 .comment       0x0000000000000000       0x12 binaries/xsh_exit.o
 .comment       0x0000000000000000       0x12 binaries/xsh_help.o
 .comment       0x0000000000000000       0x12 binaries/xsh_kill.o
 .comment       0x0000000000000000       0x12 binaries/xsh_memdump.o
 .comment       0x0000000000000000       0x12 binaries/xsh_memstat.o
 .comment       0x0000000000000000       0x12 binaries/xsh_netinfo.o
 .comment       0x0000000000000000       0x12 binaries/xsh_ping.o
 .comment       0x0000000000000000       0x12 binaries/xsh_ps.o
 .comment       0x0000000000000000       0x12 binaries/xsh_sleep.o
 .comment       0x0000000000000000       0x12 binaries/xsh_udpdump.o
 .comment       0x0000000000000000       0x12 binaries/xsh_udpecho.o
 .comment       0x0000000000000000       0x12 binaries/xsh_udpserver.o
 .comment       0x0000000000000000       0x12 binaries/xsh_uptime.o

.debug_frame    0x0000000000000000       0x40
 .debug_frame   0x0000000000000000       0x20 ../cross_compiler/lib/gcc/arm-none-eabi/4.8.1//libgcc.a(_udivsi3.o)
 .debug_frame   0x0000000000000020       0x20 ../cross_compiler/lib/gcc/arm-none-eabi/4.8.1//libgcc.a(_divsi3.o)
