Archive member included because of file (symbol)

../cross_compiler/lib/gcc/arm-none-eabi/4.8.1//libgcc.a(_udivsi3.o)
                              binaries/qsort.o (__aeabi_uidiv)
../cross_compiler/lib/gcc/arm-none-eabi/4.8.1//libgcc.a(_divsi3.o)
                              binaries/doprnt.o (__aeabi_idiv)
../cross_compiler/lib/gcc/arm-none-eabi/4.8.1//libgcc.a(_dvmd_tls.o)
                              ../cross_compiler/lib/gcc/arm-none-eabi/4.8.1//libgcc.a(_udivsi3.o) (__aeabi_idiv0)
../cross_compiler/lib/gcc/arm-none-eabi/4.8.1//libgcc.a(_arm_muldivdf3.o)
                              binaries/doprnt.o (__aeabi_dmul)
../cross_compiler/lib/gcc/arm-none-eabi/4.8.1//libgcc.a(_arm_cmpdf2.o)
                              binaries/doprnt.o (__aeabi_dcmplt)
../cross_compiler/lib/gcc/arm-none-eabi/4.8.1//libgcc.a(_arm_fixdfsi.o)
                              binaries/doprnt.o (__aeabi_d2iz)

Allocating common symbols
Common symbol       size              file

netbufpool          0x4               binaries/net.o
readylist           0x2               binaries/ready.o
rfltab              0x5a0             binaries/rflinit.o
netportseed         0x4               binaries/net.o
sleepq              0x2               binaries/clkinit.o
intc_vector         0x200             binaries/evec.o
nnames              0x4               binaries/naminit.o
udptab              0x168             binaries/udp.o
minheap             0x4               binaries/meminit.o
marks               0x50              binaries/mark.o
currpid             0x4               binaries/initialize.o
Lf_data             0x20c             binaries/lfsinit.o
porttab             0x2d0             binaries/ptinit.o
ttytab              0x110             binaries/ttyinit.o
proctab             0x1770            binaries/initialize.o
eth_a_regs          0x1c              binaries/ethinit.o
prcount             0x4               binaries/initialize.o
lfltab              0xf00             binaries/lflinit.o
rdstab              0x8c              binaries/rdsinit.o
ethertab            0x138             binaries/ethinit.o
NetData             0xb0              binaries/net.o
nmarks              0x4               binaries/mark.o
Defer               0x8               binaries/resched.o
semtab              0x4b0             binaries/initialize.o
maxheap             0x4               binaries/meminit.o
preempt             0x4               binaries/clkinit.o
buftab              0xf0              binaries/bufinit.o
Rf_data             0x18              binaries/rfsinit.o
mkmutex             0x4               binaries/mark.o
clktime             0x4               binaries/clkinit.o
arpcache            0x140             binaries/arp.o
icmptab             0x230             binaries/icmp.o
nbpools             0x4               binaries/bufinit.o
queuetab            0x980             binaries/queue.o
ptnextid            0x4               binaries/ptinit.o
Ram                 0x19000           binaries/raminit.o
ipoqueue            0x2c              binaries/ip.o
memlist             0x8               binaries/initialize.o
nametab             0x19a0            binaries/naminit.o
ptfree              0x4               binaries/ptinit.o

Memory Configuration

Name             Origin             Length             Attributes
*default*        0x0000000000000000 0xffffffffffffffff

Linker script and memory map

                0x0000000081000000                physbase = 0x81000000
                0x0000000081000000                . = physbase
                0x0000000081000000                . = ALIGN (0x1000)

.text           0x0000000081000000    0x16000
                0x0000000081000000                text = ABSOLUTE (.)
 *(.text .text.*)
 .text          0x0000000081000000       0x4c binaries/start.o
                0x0000000081000000                start
 .text          0x000000008100004c      0x36c binaries/ascdate.o
                0x000000008100004c                ascdate
 .text          0x00000000810003b8       0x18 binaries/bufinit.o
                0x00000000810003b8                bufinit
 .text          0x00000000810003d0       0x6c binaries/chprio.o
                0x00000000810003d0                chprio
 .text          0x000000008100043c       0xf4 binaries/clkhandler.o
                0x000000008100043c                clkhandler
 .text          0x0000000081000530       0xd4 binaries/clkinit.o
                0x0000000081000530                clkinit
 .text          0x0000000081000604       0x54 binaries/close.o
                0x0000000081000604                close
 .text          0x0000000081000658        0x0 binaries/conf.o
 .text          0x0000000081000658       0x6c binaries/control.o
                0x0000000081000658                control
 .text          0x00000000810006c4      0x2c4 binaries/create.o
                0x00000000810006c4                create
 .text          0x0000000081000988       0xc0 binaries/dumpproctab.o
                0x0000000081000988                dumpProctab
 .text          0x0000000081000a48       0x68 binaries/dynamicprio.o
                0x0000000081000a48                dynamicPrio
 .text          0x0000000081000ab0       0xb0 binaries/evec.o
                0x0000000081000ab0                initintc
                0x0000000081000adc                set_evec
                0x0000000081000b1c                irq_dispatch
 .text          0x0000000081000b60       0x10 binaries/exit.o
                0x0000000081000b60                exit
 .text          0x0000000081000b70       0x7c binaries/freebuf.o
                0x0000000081000b70                freebuf
 .text          0x0000000081000bec      0x150 binaries/freemem.o
                0x0000000081000bec                freemem
 .text          0x0000000081000d3c       0x7c binaries/getbuf.o
                0x0000000081000d3c                getbuf
 .text          0x0000000081000db8       0x54 binaries/getc.o
                0x0000000081000db8                getc
 .text          0x0000000081000e0c       0x68 binaries/getdev.o
                0x0000000081000e0c                getdev
 .text          0x0000000081000e74       0xa0 binaries/getitem.o
                0x0000000081000e74                getitem
                0x0000000081000ea4                getfirst
                0x0000000081000ed8                getlast
 .text          0x0000000081000f14      0x104 binaries/getmem.o
                0x0000000081000f14                getmem
 .text          0x0000000081001018       0x10 binaries/getpid.o
                0x0000000081001018                getpid
 .text          0x0000000081001028       0x60 binaries/getprio.o
                0x0000000081001028                getprio
 .text          0x0000000081001088       0xcc binaries/getstk.o
                0x0000000081001088                getstk
 .text          0x0000000081001154        0x8 binaries/getticks.o
                0x0000000081001154                getticks
 .text          0x000000008100115c       0x38 binaries/gettime.o
                0x000000008100115c                gettime
 .text          0x0000000081001194      0x1fc binaries/getutime.o
                0x0000000081001194                getutime
 .text          0x0000000081001390       0x54 binaries/init.o
                0x0000000081001390                init
 .text          0x00000000810013e4      0x334 binaries/initialize.o
                0x0000000081001470                nulluser
                0x00000000810016b8                stop
                0x00000000810016dc                delay
 .text          0x0000000081001718       0xcc binaries/insert.o
                0x0000000081001718                insert
 .text          0x00000000810017e4      0x130 binaries/insertd.o
                0x00000000810017e4                insertd
 .text          0x0000000081001914        0x8 binaries/ioerr.o
                0x0000000081001914                ioerr
 .text          0x000000008100191c        0x8 binaries/ionull.o
                0x000000008100191c                ionull
 .text          0x0000000081001924      0x198 binaries/kill.o
                0x0000000081001924                kill
 .text          0x0000000081001abc       0xd0 binaries/kprintf.o
                0x0000000081001abc                kputc
                0x0000000081001b0c                kgetc
                0x0000000081001b4c                kprintf
 .text          0x0000000081001b8c       0x50 binaries/main.o
                0x0000000081001b8c                helloWorld
                0x0000000081001ba0                main
 .text          0x0000000081001bdc       0xd0 binaries/mark.o
                0x0000000081001bdc                markinit
                0x0000000081001c08                mark
 .text          0x0000000081001cac       0x48 binaries/meminit.o
                0x0000000081001cac                meminit
 .text          0x0000000081001cf4      0x144 binaries/mkbufpool.o
                0x0000000081001cf4                mkbufpool
 .text          0x0000000081001e38       0x88 binaries/newqueue.o
                0x0000000081001e38                newqueue
 .text          0x0000000081001ec0       0x64 binaries/open.o
                0x0000000081001ec0                open
 .text          0x0000000081001f24       0x20 binaries/panic.o
                0x0000000081001f24                panic
 .text          0x0000000081001f44       0xac binaries/platinit.o
                0x0000000081001f44                counterinit
                0x0000000081001f5c                platinit
 .text          0x0000000081001ff0       0xa8 binaries/ptclear.o
                0x0000000081001ff0                _ptclear
 .text          0x0000000081002098       0x9c binaries/ptcount.o
                0x0000000081002098                ptcount
 .text          0x0000000081002134       0xf8 binaries/ptcreate.o
                0x0000000081002134                ptcreate
 .text          0x000000008100222c       0x74 binaries/ptdelete.o
                0x000000008100222c                ptdelete
 .text          0x00000000810022a0       0xb0 binaries/ptinit.o
                0x00000000810022a0                ptinit
 .text          0x0000000081002350      0x158 binaries/ptrecv.o
                0x0000000081002350                ptrecv
 .text          0x00000000810024a8       0x68 binaries/ptreset.o
                0x00000000810024a8                ptreset
 .text          0x0000000081002510      0x18c binaries/ptsend.o
                0x0000000081002510                ptsend
 .text          0x000000008100269c       0x5c binaries/putc.o
                0x000000008100269c                putc
 .text          0x00000000810026f8       0xf0 binaries/queue.o
                0x00000000810026f8                enqueue
                0x000000008100278c                dequeue
 .text          0x00000000810027e8       0x64 binaries/read.o
                0x00000000810027e8                read
 .text          0x000000008100284c       0x74 binaries/ready.o
                0x000000008100284c                ready
 .text          0x00000000810028c0       0x84 binaries/receive.o
                0x00000000810028c0                receive
 .text          0x0000000081002944       0x60 binaries/recvclr.o
                0x0000000081002944                recvclr
 .text          0x00000000810029a4       0xe0 binaries/recvtime.o
                0x00000000810029a4                recvtime
 .text          0x0000000081002a84      0x1fc binaries/resched.o
                0x0000000081002a84                resched
                0x0000000081002bcc                resched_cntl
 .text          0x0000000081002c80       0x8c binaries/resume.o
                0x0000000081002c80                resume
 .text          0x0000000081002d0c       0x5c binaries/seek.o
                0x0000000081002d0c                seek
 .text          0x0000000081002d68       0x60 binaries/semcount.o
                0x0000000081002d68                semcount
 .text          0x0000000081002dc8       0xc8 binaries/semcreate.o
                0x0000000081002dc8                semcreate
 .text          0x0000000081002e90       0xc0 binaries/semdelete.o
                0x0000000081002e90                semdelete
 .text          0x0000000081002f50       0xc0 binaries/semreset.o
                0x0000000081002f50                semreset
 .text          0x0000000081003010       0xd0 binaries/send.o
                0x0000000081003010                send
 .text          0x00000000810030e0       0xa4 binaries/signal.o
                0x00000000810030e0                signal
 .text          0x0000000081003184       0xc0 binaries/signaln.o
                0x0000000081003184                signaln
 .text          0x0000000081003244       0xd4 binaries/sleep.o
                0x0000000081003244                sleepms
                0x00000000810032e8                sleep
 .text          0x0000000081003318       0xd4 binaries/suspend.o
                0x0000000081003318                suspend
 .text          0x00000000810033ec       0xa4 binaries/unsleep.o
                0x00000000810033ec                unsleep
 .text          0x0000000081003490       0x10 binaries/userret.o
                0x0000000081003490                userret
 .text          0x00000000810034a0       0xd0 binaries/wait.o
                0x00000000810034a0                wait
 .text          0x0000000081003570       0x9c binaries/wakeup.o
                0x0000000081003570                wakeup
 .text          0x000000008100360c       0x64 binaries/write.o
                0x000000008100360c                write
 .text          0x0000000081003670       0x18 binaries/xdone.o
                0x0000000081003670                xdone
 .text          0x0000000081003688       0x20 binaries/yield.o
                0x0000000081003688                yield
 .text          0x00000000810036a8        0xc binaries/abs.o
                0x00000000810036a8                abs
 .text          0x00000000810036b4      0x138 binaries/atoi.o
                0x00000000810036b4                atoi
 .text          0x00000000810037ec      0x138 binaries/atol.o
                0x00000000810037ec                atol
 .text          0x0000000081003924       0x20 binaries/bzero.o
                0x0000000081003924                bzero
 .text          0x0000000081003944        0x0 binaries/ctype_.o
 .text          0x0000000081003944      0xa94 binaries/doprnt.o
                0x0000000081003b70                _doprnt
 .text          0x00000000810043d8      0x710 binaries/doscan.o
                0x00000000810043d8                _doscan
 .text          0x0000000081004ae8      0x8a0 binaries/fdoprnt.o
                0x0000000081004b98                _fdoprnt
 .text          0x0000000081005388       0x14 binaries/fgetc.o
                0x0000000081005388                fgetc
 .text          0x000000008100539c       0x74 binaries/fgets.o
                0x000000008100539c                fgets
 .text          0x0000000081005410       0x3c binaries/fprintf.o
                0x0000000081005410                fprintf
 .text          0x000000008100544c       0x24 binaries/fputc.o
                0x000000008100544c                fputc
 .text          0x0000000081005470       0x38 binaries/fputs.o
                0x0000000081005470                fputs
 .text          0x00000000810054a8       0x7c binaries/fscanf.o
                0x00000000810054dc                fscanf
 .text          0x0000000081005524       0x30 binaries/getchar.o
                0x0000000081005524                getchar
 .text          0x0000000081005554        0xc binaries/labs.o
                0x0000000081005554                labs
 .text          0x0000000081005560        0x0 binaries/memchr.o
 .text          0x0000000081005560       0x58 binaries/memcmp.o
                0x0000000081005560                memcmp
 .text          0x00000000810055b8       0x24 binaries/memcpy.o
                0x00000000810055b8                memcpy
 .text          0x00000000810055dc       0x20 binaries/memset.o
                0x00000000810055dc                memset
 .text          0x00000000810055fc       0x5c binaries/printf.o
                0x00000000810055fc                printf
 .text          0x0000000081005658       0x30 binaries/putchar.o
                0x0000000081005658                putchar
 .text          0x0000000081005688      0x240 binaries/qsort.o
                0x00000000810058a8                qsort
 .text          0x00000000810058c8       0x84 binaries/rand.o
                0x00000000810058c8                rand
                0x0000000081005900                rand_r
                0x000000008100593c                srand
 .text          0x000000008100594c       0x68 binaries/sprintf.o
                0x0000000081005964                sprintf
 .text          0x00000000810059b4       0x7c binaries/sscanf.o
                0x00000000810059e8                sscanf
 .text          0x0000000081005a30       0x40 binaries/strchr.o
                0x0000000081005a30                strchr
 .text          0x0000000081005a70       0x54 binaries/strcmp.o
                0x0000000081005a70                strcmp
 .text          0x0000000081005ac4       0x1c binaries/strcpy.o
                0x0000000081005ac4                strcpy
 .text          0x0000000081005ae0       0x30 binaries/strlen.o
                0x0000000081005ae0                strlen
 .text          0x0000000081005b10       0x50 binaries/strncat.o
                0x0000000081005b10                strncat
 .text          0x0000000081005b60       0x50 binaries/strncmp.o
                0x0000000081005b60                strncmp
 .text          0x0000000081005bb0       0x80 binaries/strncpy.o
                0x0000000081005bb0                strncpy
 .text          0x0000000081005c30       0x50 binaries/strnlen.o
                0x0000000081005c30                strnlen
 .text          0x0000000081005c80       0x40 binaries/strrchr.o
                0x0000000081005c80                strrchr
 .text          0x0000000081005cc0       0xb4 binaries/strstr.o
                0x0000000081005cc0                strstr
 .text          0x0000000081005d74      0x144 binaries/ttycontrol.o
                0x0000000081005d74                ttycontrol
 .text          0x0000000081005eb8       0xbc binaries/ttygetc.o
                0x0000000081005eb8                ttygetc
 .text          0x0000000081005f74      0x4dc binaries/ttyhandle_in.o
                0x0000000081006040                ttyhandle_in
 .text          0x0000000081006450      0x194 binaries/ttyhandle_out.o
                0x0000000081006450                ttyhandle_out
 .text          0x00000000810065e4       0xd4 binaries/ttyhandler.o
                0x00000000810065e4                ttyhandler
 .text          0x00000000810066b8      0x128 binaries/ttyinit.o
                0x00000000810066b8                ttyinit
 .text          0x00000000810067e0        0xc binaries/ttykickout.o
                0x00000000810067e0                ttykickout
 .text          0x00000000810067ec       0x94 binaries/ttyputc.o
                0x00000000810067ec                ttyputc
 .text          0x0000000081006880      0x134 binaries/ttyread.o
                0x0000000081006880                ttyread
 .text          0x00000000810069b4       0x48 binaries/ttywrite.o
                0x00000000810069b4                ttywrite
 .text          0x00000000810069fc      0x154 binaries/mount.o
                0x00000000810069fc                namlen
                0x0000000081006a54                mount
 .text          0x0000000081006b50      0x1c4 binaries/naminit.o
                0x0000000081006b50                naminit
 .text          0x0000000081006d14      0x240 binaries/nammap.o
                0x0000000081006d14                namrepl
                0x0000000081006e5c                namcpy
                0x0000000081006eb8                nammap
 .text          0x0000000081006f54       0x44 binaries/namopen.o
                0x0000000081006f54                namopen
 .text          0x0000000081006f98       0x40 binaries/ethcontrol.o
                0x0000000081006f98                ethcontrol
 .text          0x0000000081006fd8      0x178 binaries/ethhandler.o
                0x0000000081006fd8                ethhandler
 .text          0x0000000081007150      0x7ac binaries/ethinit.o
                0x0000000081007150                eth_phy_read
                0x00000000810071b4                eth_phy_write
                0x00000000810071fc                eth_phy_reset
                0x0000000081007358                ethinit
 .text          0x00000000810078fc       0xfc binaries/ethread.o
                0x00000000810078fc                ethread
 .text          0x00000000810079f8      0x118 binaries/ethwrite.o
                0x00000000810079f8                ethwrite
 .text          0x0000000081007b10       0x88 binaries/rdsbufalloc.o
                0x0000000081007b10                rdsbufalloc
 .text          0x0000000081007b98       0xd0 binaries/rdsclose.o
                0x0000000081007b98                rdsclose
 .text          0x0000000081007c68      0x204 binaries/rdscomm.o
                0x0000000081007c68                rdscomm
 .text          0x0000000081007e6c      0x1c4 binaries/rdscontrol.o
                0x0000000081007e6c                rdscontrol
 .text          0x0000000081008030      0x1c8 binaries/rdsinit.o
                0x0000000081008030                rdsinit
 .text          0x00000000810081f8      0x18c binaries/rdsopen.o
                0x00000000810081f8                rdsopen
 .text          0x0000000081008384      0x2cc binaries/rdsprocess.o
                0x0000000081008384                rdsprocess
 .text          0x0000000081008650      0x250 binaries/rdsread.o
                0x0000000081008650                rdsread
 .text          0x00000000810088a0      0x1ec binaries/rdswrite.o
                0x00000000810088a0                rdswrite
 .text          0x0000000081008a8c        0x8 binaries/ramclose.o
                0x0000000081008a8c                ramclose
 .text          0x0000000081008a94       0x3c binaries/raminit.o
                0x0000000081008a94                raminit
 .text          0x0000000081008ad0        0x8 binaries/ramopen.o
                0x0000000081008ad0                ramopen
 .text          0x0000000081008ad8       0x24 binaries/ramread.o
                0x0000000081008ad8                ramread
 .text          0x0000000081008afc       0x20 binaries/ramwrite.o
                0x0000000081008afc                ramwrite
 .text          0x0000000081008b1c       0x94 binaries/lfdballoc.o
                0x0000000081008b1c                lfdballoc
 .text          0x0000000081008bb0       0x48 binaries/lfdbfree.o
                0x0000000081008bb0                lfdbfree
 .text          0x0000000081008bf8       0xbc binaries/lfflush.o
                0x0000000081008bf8                lfflush
 .text          0x0000000081008cb4       0xc8 binaries/lfgetmode.o
                0x0000000081008cb4                lfgetmode
 .text          0x0000000081008d7c       0x6c binaries/lfiballoc.o
                0x0000000081008d7c                lfiballoc
 .text          0x0000000081008de8       0x28 binaries/lfibclear.o
                0x0000000081008de8                lfibclear
 .text          0x0000000081008e10       0x68 binaries/lfibget.o
                0x0000000081008e10                lfibget
 .text          0x0000000081008e78       0x90 binaries/lfibput.o
                0x0000000081008e78                lfibput
 .text          0x0000000081008f08       0xbc binaries/lflclose.o
                0x0000000081008f08                lflclose
 .text          0x0000000081008fc4       0xcc binaries/lflcontrol.o
                0x0000000081008fc4                lflcontrol
 .text          0x0000000081009090      0x10c binaries/lflgetc.o
                0x0000000081009090                lflgetc
 .text          0x000000008100919c       0xc4 binaries/lflinit.o
                0x000000008100919c                lflinit
 .text          0x0000000081009260      0x154 binaries/lflputc.o
                0x0000000081009260                lflputc
 .text          0x00000000810093b4       0x70 binaries/lflread.o
                0x00000000810093b4                lflread
 .text          0x0000000081009424       0xc4 binaries/lflseek.o
                0x0000000081009424                lflseek
 .text          0x00000000810094e8       0x50 binaries/lflwrite.o
                0x00000000810094e8                lflwrite
 .text          0x0000000081009538       0xa0 binaries/lfscheck.o
                0x0000000081009538                lfscheck
 .text          0x00000000810095d8      0x144 binaries/lfsckfmt.o
                0x00000000810095d8                lfsckfmt
 .text          0x000000008100971c      0x15c binaries/lfscreate.o
                0x000000008100971c                lfscreate
 .text          0x0000000081009878      0x1f0 binaries/lfsetup.o
                0x0000000081009878                lfsetup
 .text          0x0000000081009a68       0x44 binaries/lfsinit.o
                0x0000000081009a68                lfsinit
 .text          0x0000000081009aac      0x3a8 binaries/lfsopen.o
                0x0000000081009aac                lfsopen
 .text          0x0000000081009e54      0x110 binaries/lftruncate.o
                0x0000000081009e54                lftruncate
 .text          0x0000000081009f64       0x80 binaries/rflclose.o
                0x0000000081009f64                rflclose
 .text          0x0000000081009fe4       0x28 binaries/rflgetc.o
                0x0000000081009fe4                rflgetc
 .text          0x000000008100a00c       0x74 binaries/rflinit.o
                0x000000008100a00c                rflinit
 .text          0x000000008100a080       0x2c binaries/rflputc.o
                0x000000008100a080                rflputc
 .text          0x000000008100a0ac      0x2d4 binaries/rflread.o
                0x000000008100a0ac                rflread
 .text          0x000000008100a380       0x84 binaries/rflseek.o
                0x000000008100a380                rflseek
 .text          0x000000008100a404      0x2f0 binaries/rflwrite.o
                0x000000008100a404                rflwrite
 .text          0x000000008100a6f4      0x194 binaries/rfscomm.o
                0x000000008100a6f4                rfscomm
 .text          0x000000008100a888      0x228 binaries/rfscontrol.o
                0x000000008100a888                rfscontrol
 .text          0x000000008100aab0       0xc8 binaries/rfsgetmode.o
                0x000000008100aab0                rfsgetmode
 .text          0x000000008100ab78       0x84 binaries/rfsinit.o
                0x000000008100ab78                rfsinit
 .text          0x000000008100abfc       0x98 binaries/rfsndmsg.o
                0x000000008100abfc                rfsndmsg
 .text          0x000000008100ac94      0x23c binaries/rfsopen.o
                0x000000008100ac94                rfsopen
 .text          0x000000008100aed0       0x90 binaries/spicontrol.o
                0x000000008100aed0                spicontrol
 .text          0x000000008100af60       0xa8 binaries/spiinit.o
                0x000000008100af60                spiinit
 .text          0x000000008100b008      0x77c binaries/arp.o
                0x000000008100b008                arp_init
                0x000000008100b028                arp_alloc
                0x000000008100b100                arp_ntoh
                0x000000008100b1a4                arp_hton
                0x000000008100b248                arp_resolve
                0x000000008100b4e8                arp_in
 .text          0x000000008100b784      0x68c binaries/dhcp.o
                0x000000008100b784                dhcp_get_opt_val
                0x000000008100b7e0                dhcp_bld_bootp_msg
                0x000000008100b8d8                dhcp_bld_disc
                0x000000008100b92c                dhcp_bld_req
                0x000000008100b9e8                getlocalip
 .text          0x000000008100be10      0x4c0 binaries/dns.o
                0x000000008100bef0                dnslookup
 .text          0x000000008100c2d0      0x12c binaries/dot2ip.o
                0x000000008100c2d0                dot2ip
 .text          0x000000008100c3fc      0x328 binaries/hexdump.o
                0x000000008100c3fc                hexdump
                0x000000008100c548                hexadump
 .text          0x000000008100c724      0x738 binaries/icmp.o
                0x000000008100c724                icmp_init
                0x000000008100c748                icmp_register
                0x000000008100c7fc                icmp_recv
                0x000000008100c9a0                icmp_mkpkt
                0x000000008100ca90                icmp_in
                0x000000008100cc34                icmp_send
                0x000000008100cca4                icmp_release
                0x000000008100cd98                icmp_cksum
                0x000000008100cdf4                icmp_hton
                0x000000008100ce28                icmp_ntoh
 .text          0x000000008100ce5c      0x688 binaries/ip.o
                0x000000008100ce5c                ip_local
                0x000000008100ce8c                ipcksum
                0x000000008100ced0                ip_ntoh
                0x000000008100cf74                ip_in
                0x000000008100d0b0                ip_hton
                0x000000008100d154                ip_out
                0x000000008100d208                ip_send
                0x000000008100d338                ipout
                0x000000008100d448                ip_enqueue
 .text          0x000000008100d4e4      0x224 binaries/net.o
                0x000000008100d4e4                net_init
                0x000000008100d5ec                eth_hton
                0x000000008100d600                eth_ntoh
                0x000000008100d614                netin
                0x000000008100d6b8                getport
 .text          0x000000008100d708      0x9c4 binaries/pdump.o
                0x000000008100d708                pdump
                0x000000008100dc8c                pdumph
 .text          0x000000008100e0cc      0x554 binaries/tftp.o
                0x000000008100e0cc                tftp_send1
                0x000000008100e1b8                tftpget_mb
                0x000000008100e5e8                tftpget
 .text          0x000000008100e620      0xa40 binaries/udp.o
                0x000000008100e620                udp_init
                0x000000008100e648                udp_in
                0x000000008100e780                udp_register
                0x000000008100e880                udp_recv
                0x000000008100ea24                udp_recvaddr
                0x000000008100ebe4                udp_send
                0x000000008100ed94                udp_sendto
                0x000000008100ef08                udp_release
                0x000000008100eff8                udp_ntoh
                0x000000008100f02c                udp_hton
 .text          0x000000008100f060      0x138 binaries/addargs.o
                0x000000008100f060                addargs
 .text          0x000000008100f198      0x290 binaries/lexan.o
                0x000000008100f198                lexan
 .text          0x000000008100f428      0x6a4 binaries/shell.o
                0x000000008100f428                shell
 .text          0x000000008100facc       0x64 binaries/xsh_argecho.o
                0x000000008100facc                xsh_argecho
 .text          0x000000008100fb30      0x1c0 binaries/xsh_arp.o
                0x000000008100fb30                xsh_arp
 .text          0x000000008100fcf0      0x240 binaries/xsh_cat.o
                0x000000008100fcf0                xsh_cat
 .text          0x000000008100ff30       0x5c binaries/xsh_clear.o
                0x000000008100ff30                xsh_clear
 .text          0x000000008100ff8c      0x2b0 binaries/xsh_date.o
                0x000000008100ff8c                xsh_date
 .text          0x000000008101023c       0x9c binaries/xsh_devdump.o
                0x000000008101023c                xsh_devdump
 .text          0x00000000810102d8       0x68 binaries/xsh_echo.o
                0x00000000810102d8                xsh_echo
 .text          0x0000000081010340        0x8 binaries/xsh_exit.o
                0x0000000081010340                xsh_exit
 .text          0x0000000081010348      0x3b0 binaries/xsh_help.o
                0x0000000081010348                xsh_help
 .text          0x00000000810106f8      0x214 binaries/xsh_kill.o
                0x00000000810106f8                xsh_kill
 .text          0x000000008101090c      0x480 binaries/xsh_memdump.o
                0x0000000081010a04                xsh_memdump
 .text          0x0000000081010d8c      0x22c binaries/xsh_memstat.o
                0x0000000081010d8c                xsh_memstat
 .text          0x0000000081010fb8      0x40c binaries/xsh_netinfo.o
                0x0000000081010fb8                xsh_netinfo
 .text          0x00000000810113c4      0x3d0 binaries/xsh_ping.o
                0x00000000810113c4                xsh_ping
 .text          0x0000000081011794      0x228 binaries/xsh_ps.o
                0x0000000081011794                xsh_ps
 .text          0x00000000810119bc      0x1ec binaries/xsh_sleep.o
                0x00000000810119bc                xsh_sleep
 .text          0x0000000081011ba8      0x24c binaries/xsh_udpdump.o
                0x0000000081011ba8                xsh_udpdump
 .text          0x0000000081011df4      0x428 binaries/xsh_udpecho.o
                0x0000000081011df4                xsh_udpecho
 .text          0x000000008101221c      0x268 binaries/xsh_udpserver.o
                0x000000008101221c                xsh_udpeserver
 .text          0x0000000081012484      0x1b8 binaries/xsh_uptime.o
                0x0000000081012484                xsh_uptime
 .text          0x000000008101263c       0x2c binaries/ctxsw.o
                0x000000008101263c                ctxsw
 .text          0x0000000081012668      0x100 binaries/intr.o
                0x0000000081012668                disable
                0x0000000081012674                restore
                0x0000000081012698                enable
                0x00000000810126a0                pause
                0x00000000810126a0                halt
                0x00000000810126a8                irq_except
                0x00000000810126d8                initevec
                0x0000000081012738                expjmpinstr
 .text          0x0000000081012768      0x114 ../cross_compiler/lib/gcc/arm-none-eabi/4.8.1//libgcc.a(_udivsi3.o)
                0x0000000081012768                __udivsi3
                0x0000000081012768                __aeabi_uidiv
                0x000000008101285c                __aeabi_uidivmod
 .text          0x000000008101287c      0x148 ../cross_compiler/lib/gcc/arm-none-eabi/4.8.1//libgcc.a(_divsi3.o)
                0x000000008101287c                __aeabi_idiv
                0x000000008101287c                __divsi3
                0x00000000810129a4                __aeabi_idivmod
 .text          0x00000000810129c4        0x4 ../cross_compiler/lib/gcc/arm-none-eabi/4.8.1//libgcc.a(_dvmd_tls.o)
                0x00000000810129c4                __aeabi_ldiv0
                0x00000000810129c4                __aeabi_idiv0
 .text          0x00000000810129c8      0x49c ../cross_compiler/lib/gcc/arm-none-eabi/4.8.1//libgcc.a(_arm_muldivdf3.o)
                0x00000000810129c8                __aeabi_dmul
                0x00000000810129c8                __muldf3
                0x0000000081012c58                __aeabi_ddiv
                0x0000000081012c58                __divdf3
 .text          0x0000000081012e64      0x144 ../cross_compiler/lib/gcc/arm-none-eabi/4.8.1//libgcc.a(_arm_cmpdf2.o)
                0x0000000081012e64                __gtdf2
                0x0000000081012e64                __gedf2
                0x0000000081012e6c                __ltdf2
                0x0000000081012e6c                __ledf2
                0x0000000081012e74                __eqdf2
                0x0000000081012e74                __nedf2
                0x0000000081012e74                __cmpdf2
                0x0000000081012efc                __aeabi_cdrcmple
                0x0000000081012f18                __aeabi_cdcmple
                0x0000000081012f18                __aeabi_cdcmpeq
                0x0000000081012f30                __aeabi_dcmpeq
                0x0000000081012f48                __aeabi_dcmplt
                0x0000000081012f60                __aeabi_dcmple
                0x0000000081012f78                __aeabi_dcmpge
                0x0000000081012f90                __aeabi_dcmpgt
 .text          0x0000000081012fa8       0x5c ../cross_compiler/lib/gcc/arm-none-eabi/4.8.1//libgcc.a(_arm_fixdfsi.o)
                0x0000000081012fa8                __fixdfsi
                0x0000000081012fa8                __aeabi_d2iz
 *(.rodata .rodata.*)
 .rodata.str1.4
                0x0000000081013004       0x78 binaries/ascdate.o
 .rodata.str1.4
                0x000000008101307c       0xd9 binaries/conf.o
                                         0xdc (size before relaxing)
 *fill*         0x0000000081013155        0x3 
 .rodata.str1.4
                0x0000000081013158       0xbf binaries/dumpproctab.o
                                         0xe4 (size before relaxing)
 *fill*         0x0000000081013217        0x1 
 .rodata.str1.4
                0x0000000081013218       0x61 binaries/getutime.o
                                         0x64 (size before relaxing)
 *fill*         0x0000000081013279        0x3 
 .rodata.str1.4
                0x000000008101327c      0x16c binaries/initialize.o
                                        0x170 (size before relaxing)
 .rodata.str1.4
                0x00000000810133e8       0x16 binaries/main.o
                                         0x18 (size before relaxing)
 *fill*         0x00000000810133fe        0x2 
 .rodata.str1.4
                0x0000000081013400        0xf binaries/panic.o
                                         0x10 (size before relaxing)
 *fill*         0x000000008101340f        0x1 
 .rodata.str1.4
                0x0000000081013410       0x1d binaries/ptinit.o
                                         0x20 (size before relaxing)
 *fill*         0x000000008101342d        0x3 
 .rodata.str1.4
                0x0000000081013430       0x25 binaries/ptsend.o
                                         0x28 (size before relaxing)
 *fill*         0x0000000081013455        0x3 
 .rodata.str1.4
                0x0000000081013458       0x27 binaries/xdone.o
                                         0x28 (size before relaxing)
 *fill*         0x000000008101347f        0x1 
 .rodata        0x0000000081013480       0x84 binaries/ctype_.o
                0x0000000081013480                _ctype_
 .rodata.str1.4
                0x0000000081013504       0x2f binaries/doprnt.o
                                         0x30 (size before relaxing)
 .rodata.str1.4
                0x0000000000000000       0x30 binaries/fdoprnt.o
 *fill*         0x0000000081013533        0x1 
 .rodata.str1.4
                0x0000000081013534       0x86 binaries/naminit.o
                                         0x90 (size before relaxing)
 *fill*         0x00000000810135ba        0x2 
 .rodata.str1.4
                0x00000000810135bc       0xe6 binaries/ethinit.o
                                         0xe8 (size before relaxing)
 *fill*         0x00000000810136a2        0x2 
 .rodata.str1.4
                0x00000000810136a4       0x12 binaries/ethread.o
                                         0x14 (size before relaxing)
 *fill*         0x00000000810136b6        0x2 
 .rodata.str1.4
                0x00000000810136b8       0x2c binaries/rdsbufalloc.o
 .rodata.str1.4
                0x00000000810136e4       0x76 binaries/rdscomm.o
                                         0x78 (size before relaxing)
 *fill*         0x000000008101375a        0x2 
 .rodata.str1.4
                0x000000008101375c       0x48 binaries/rdscontrol.o
 .rodata.str1.4
                0x00000000810137a4       0x96 binaries/rdsinit.o
                                         0x98 (size before relaxing)
 *fill*         0x000000008101383a        0x2 
 .rodata.str1.4
                0x000000008101383c       0x22 binaries/rdsopen.o
                                         0x24 (size before relaxing)
 *fill*         0x000000008101385e        0x2 
 .rodata.str1.4
                0x0000000081013860       0x4d binaries/rdsprocess.o
                                         0x50 (size before relaxing)
 *fill*         0x00000000810138ad        0x3 
 .rodata.str1.4
                0x00000000810138b0        0x9 binaries/raminit.o
                                          0xc (size before relaxing)
 *fill*         0x00000000810138b9        0x3 
 .rodata.str1.4
                0x00000000810138bc       0x37 binaries/lfdballoc.o
                                         0x38 (size before relaxing)
 *fill*         0x00000000810138f3        0x1 
 .rodata.str1.4
                0x00000000810138f4       0x14 binaries/lfiballoc.o
 .rodata.str1.4
                0x0000000081013908       0x23 binaries/lflcontrol.o
                                         0x24 (size before relaxing)
 *fill*         0x000000008101392b        0x1 
 .rodata.str1.4
                0x000000008101392c      0x11f binaries/lfsckfmt.o
                                        0x120 (size before relaxing)
 *fill*         0x0000000081013a4b        0x1 
 .rodata.str1.4
                0x0000000081013a4c       0x2a binaries/lfsopen.o
                                         0x2c (size before relaxing)
 *fill*         0x0000000081013a76        0x2 
 .rodata.str1.4
                0x0000000081013a78       0x21 binaries/rflread.o
                                         0x24 (size before relaxing)
 .rodata.str1.4
                0x0000000000000000       0x24 binaries/rflwrite.o
 *fill*         0x0000000081013a99        0x3 
 .rodata.str1.4
                0x0000000081013a9c       0x75 binaries/rfscomm.o
                                         0x78 (size before relaxing)
 *fill*         0x0000000081013b11        0x3 
 .rodata.str1.4
                0x0000000081013b14       0x23 binaries/rfscontrol.o
                                         0x24 (size before relaxing)
 *fill*         0x0000000081013b37        0x1 
 .rodata.str1.4
                0x0000000081013b38       0x63 binaries/rfsinit.o
                                         0x64 (size before relaxing)
 *fill*         0x0000000081013b9b        0x1 
 .rodata.str1.4
                0x0000000081013b9c       0x2a binaries/rfsndmsg.o
                                         0x2c (size before relaxing)
 .rodata.str1.4
                0x0000000000000000       0x24 binaries/rfsopen.o
 *fill*         0x0000000081013bc6        0x2 
 .rodata.str1.4
                0x0000000081013bc8       0x3d binaries/arp.o
                                         0x40 (size before relaxing)
 *fill*         0x0000000081013c05        0x3 
 .rodata.str1.4
                0x0000000081013c08       0xd3 binaries/dhcp.o
                                         0xd4 (size before relaxing)
 *fill*         0x0000000081013cdb        0x1 
 .rodata.str1.4
                0x0000000081013cdc       0x1a binaries/dns.o
                                         0x1c (size before relaxing)
 *fill*         0x0000000081013cf6        0x2 
 .rodata.str1.4
                0x0000000081013cf8       0xca binaries/hexdump.o
                                         0xd8 (size before relaxing)
 *fill*         0x0000000081013dc2        0x2 
 .rodata.str1.4
                0x0000000081013dc4       0x29 binaries/icmp.o
                                         0x2c (size before relaxing)
 *fill*         0x0000000081013ded        0x3 
 .rodata.str1.4
                0x0000000081013df0       0x6e binaries/ip.o
                                         0x70 (size before relaxing)
 *fill*         0x0000000081013e5e        0x2 
 .rodata.str1.4
                0x0000000081013e60       0x53 binaries/net.o
                                         0x54 (size before relaxing)
 *fill*         0x0000000081013eb3        0x1 
 .rodata.str1.4
                0x0000000081013eb4      0x292 binaries/pdump.o
                                        0x298 (size before relaxing)
 *fill*         0x0000000081014146        0x2 
 .rodata.str1.4
                0x0000000081014148      0x154 binaries/tftp.o
                                        0x158 (size before relaxing)
 .rodata        0x000000008101429c       0xfc binaries/shell.o
                0x000000008101429c                cmdtab
 .rodata.str1.4
                0x0000000081014398      0x2e6 binaries/shell.o
                                        0x2f0 (size before relaxing)
 *fill*         0x000000008101467e        0x2 
 .rodata.str1.4
                0x0000000081014680       0x29 binaries/xsh_argecho.o
                                         0x30 (size before relaxing)
 *fill*         0x00000000810146a9        0x3 
 .rodata.str1.4
                0x00000000810146ac      0x13e binaries/xsh_arp.o
                                        0x144 (size before relaxing)
 *fill*         0x00000000810147ea        0x2 
 .rodata.str1.4
                0x00000000810147ec       0x81 binaries/xsh_cat.o
                                         0xd4 (size before relaxing)
 *fill*         0x000000008101486d        0x3 
 .rodata.str1.4
                0x0000000081014870       0x19 binaries/xsh_clear.o
                                         0x1c (size before relaxing)
 *fill*         0x0000000081014889        0x3 
 .rodata.str1.4
                0x000000008101488c      0x1af binaries/xsh_date.o
                                        0x1cc (size before relaxing)
 *fill*         0x0000000081014a3b        0x1 
 .rodata.str1.4
                0x0000000081014a3c       0x61 binaries/xsh_devdump.o
                                         0x64 (size before relaxing)
 *fill*         0x0000000081014a9d        0x3 
 .rodata.str1.4
                0x0000000081014aa0        0x8 binaries/xsh_echo.o
                                          0xc (size before relaxing)
 .rodata.str1.4
                0x0000000081014aa8       0xe7 binaries/xsh_help.o
                                        0x17c (size before relaxing)
 *fill*         0x0000000081014b8f        0x1 
 .rodata.str1.4
                0x0000000081014b90       0xc8 binaries/xsh_kill.o
                                        0x138 (size before relaxing)
 .rodata.str1.4
                0x0000000081014c58      0x226 binaries/xsh_memdump.o
                                        0x27c (size before relaxing)
 *fill*         0x0000000081014e7e        0x2 
 .rodata.str1.4
                0x0000000081014e80      0x1cc binaries/xsh_memstat.o
                                        0x234 (size before relaxing)
 .rodata.str1.4
                0x000000008101504c      0x10f binaries/xsh_netinfo.o
                                        0x1cc (size before relaxing)
 *fill*         0x000000008101515b        0x1 
 .rodata.str1.4
                0x000000008101515c      0x13f binaries/xsh_ping.o
                                        0x1b4 (size before relaxing)
 *fill*         0x000000008101529b        0x1 
 .rodata        0x000000008101529c       0x20 binaries/xsh_ps.o
 .rodata.str1.4
                0x00000000810152bc      0x11a binaries/xsh_ps.o
                                        0x1d4 (size before relaxing)
 *fill*         0x00000000810153d6        0x2 
 .rodata.str1.4
                0x00000000810153d8       0x5e binaries/xsh_sleep.o
                                         0xf8 (size before relaxing)
 *fill*         0x0000000081015436        0x2 
 .rodata        0x0000000081015438        0xc binaries/xsh_udpdump.o
 .rodata.str1.4
                0x0000000081015444      0x122 binaries/xsh_udpdump.o
                                        0x1e0 (size before relaxing)
 *fill*         0x0000000081015566        0x2 
 .rodata.str1.4
                0x0000000081015568      0x1ae binaries/xsh_udpecho.o
                                        0x224 (size before relaxing)
 *fill*         0x0000000081015716        0x2 
 .rodata.str1.4
                0x0000000081015718       0x97 binaries/xsh_udpserver.o
                                        0x13c (size before relaxing)
 *fill*         0x00000000810157af        0x1 
 .rodata.str1.4
                0x00000000810157b0       0x78 binaries/xsh_uptime.o
                                        0x114 (size before relaxing)
                0x0000000081015828                etext = ABSOLUTE (.)
                0x0000000081016000                . = ALIGN (0x1000)
 *fill*         0x0000000081015828      0x7d8 

.glue_7         0x0000000081016000        0x0
 .glue_7        0x0000000000000000        0x0 linker stubs

.glue_7t        0x0000000081016000        0x0
 .glue_7t       0x0000000000000000        0x0 linker stubs

.vfp11_veneer   0x0000000081016000        0x0
 .vfp11_veneer  0x0000000000000000        0x0 linker stubs

.v4_bx          0x0000000081016000        0x0
 .v4_bx         0x0000000000000000        0x0 linker stubs

.iplt           0x0000000081016000        0x0
 .iplt          0x0000000000000000        0x0 binaries/start.o

.rel.dyn        0x0000000081016000        0x0
 .rel.iplt      0x0000000000000000        0x0 binaries/start.o

.data           0x0000000081016000     0x1000
                0x0000000081016000                data = ABSOLUTE (.)
 *(.data .data.*)
 .data          0x0000000081016000        0x0 binaries/start.o
 .data          0x0000000081016000       0x88 binaries/ascdate.o
                0x0000000081016000                Date
 .data          0x0000000081016088        0x0 binaries/bufinit.o
 .data          0x0000000081016088        0x0 binaries/chprio.o
 .data          0x0000000081016088        0x4 binaries/clkhandler.o
 .data          0x000000008101608c        0x0 binaries/clkinit.o
 .data          0x000000008101608c        0x0 binaries/close.o
 .data          0x000000008101608c      0x618 binaries/conf.o
                0x000000008101608c                devtab
 .data          0x00000000810166a4        0x0 binaries/control.o
 .data          0x00000000810166a4        0x4 binaries/create.o
 .data          0x00000000810166a8       0x20 binaries/dumpproctab.o
                0x00000000810166a8                prssb
 .data          0x00000000810166c8        0x0 binaries/dynamicprio.o
 .data          0x00000000810166c8       0x40 binaries/evec.o
                0x00000000810166c8                expmsg2
                0x00000000810166dc                expmsg1
 .data          0x0000000081016708        0x0 binaries/exit.o
 .data          0x0000000081016708        0x0 binaries/freebuf.o
 .data          0x0000000081016708        0x0 binaries/freemem.o
 .data          0x0000000081016708        0x0 binaries/getbuf.o
 .data          0x0000000081016708        0x0 binaries/getc.o
 .data          0x0000000081016708        0x0 binaries/getdev.o
 .data          0x0000000081016708        0x0 binaries/getitem.o
 .data          0x0000000081016708        0x0 binaries/getmem.o
 .data          0x0000000081016708        0x0 binaries/getpid.o
 .data          0x0000000081016708        0x0 binaries/getprio.o
 .data          0x0000000081016708        0x0 binaries/getstk.o
 .data          0x0000000081016708        0x0 binaries/getticks.o
 .data          0x0000000081016708        0x0 binaries/gettime.o
 .data          0x0000000081016708        0x0 binaries/getutime.o
 .data          0x0000000081016708        0x0 binaries/init.o
 .data          0x0000000081016708        0x0 binaries/initialize.o
 .data          0x0000000081016708        0x0 binaries/insert.o
 .data          0x0000000081016708        0x0 binaries/insertd.o
 .data          0x0000000081016708        0x0 binaries/ioerr.o
 .data          0x0000000081016708        0x0 binaries/ionull.o
 .data          0x0000000081016708        0x0 binaries/kill.o
 .data          0x0000000081016708        0x0 binaries/kprintf.o
 .data          0x0000000081016708        0x0 binaries/main.o
 .data          0x0000000081016708        0x0 binaries/mark.o
 .data          0x0000000081016708        0x0 binaries/meminit.o
 .data          0x0000000081016708        0x0 binaries/mkbufpool.o
 .data          0x0000000081016708        0x2 binaries/newqueue.o
 .data          0x000000008101670a        0x0 binaries/open.o
 .data          0x000000008101670a        0x0 binaries/panic.o
 .data          0x000000008101670a        0x0 binaries/platinit.o
 .data          0x000000008101670a        0x0 binaries/ptclear.o
 .data          0x000000008101670a        0x0 binaries/ptcount.o
 .data          0x000000008101670a        0x0 binaries/ptcreate.o
 .data          0x000000008101670a        0x0 binaries/ptdelete.o
 .data          0x000000008101670a        0x0 binaries/ptinit.o
 .data          0x000000008101670a        0x0 binaries/ptrecv.o
 .data          0x000000008101670a        0x0 binaries/ptreset.o
 .data          0x000000008101670a        0x0 binaries/ptsend.o
 .data          0x000000008101670a        0x0 binaries/putc.o
 .data          0x000000008101670a        0x0 binaries/queue.o
 .data          0x000000008101670a        0x0 binaries/read.o
 .data          0x000000008101670a        0x0 binaries/ready.o
 .data          0x000000008101670a        0x0 binaries/receive.o
 .data          0x000000008101670a        0x0 binaries/recvclr.o
 .data          0x000000008101670a        0x0 binaries/recvtime.o
 .data          0x000000008101670a        0x0 binaries/resched.o
 .data          0x000000008101670a        0x0 binaries/resume.o
 .data          0x000000008101670a        0x0 binaries/seek.o
 .data          0x000000008101670a        0x0 binaries/semcount.o
 .data          0x000000008101670a        0x0 binaries/semcreate.o
 .data          0x000000008101670a        0x0 binaries/semdelete.o
 .data          0x000000008101670a        0x0 binaries/semreset.o
 .data          0x000000008101670a        0x0 binaries/send.o
 .data          0x000000008101670a        0x0 binaries/signal.o
 .data          0x000000008101670a        0x0 binaries/signaln.o
 .data          0x000000008101670a        0x0 binaries/sleep.o
 .data          0x000000008101670a        0x0 binaries/suspend.o
 .data          0x000000008101670a        0x0 binaries/unsleep.o
 .data          0x000000008101670a        0x0 binaries/userret.o
 .data          0x000000008101670a        0x0 binaries/wait.o
 .data          0x000000008101670a        0x0 binaries/wakeup.o
 .data          0x000000008101670a        0x0 binaries/write.o
 .data          0x000000008101670a        0x0 binaries/xdone.o
 .data          0x000000008101670a        0x0 binaries/yield.o
 .data          0x000000008101670a        0x0 binaries/abs.o
 .data          0x000000008101670a        0x0 binaries/atoi.o
 .data          0x000000008101670a        0x0 binaries/atol.o
 .data          0x000000008101670a        0x0 binaries/bzero.o
 .data          0x000000008101670a        0x0 binaries/ctype_.o
 .data          0x000000008101670a        0x0 binaries/doprnt.o
 *fill*         0x000000008101670a        0x2 
 .data          0x000000008101670c       0x80 binaries/doscan.o
                0x000000008101670c                _sctab
 .data          0x000000008101678c        0x0 binaries/fdoprnt.o
 .data          0x000000008101678c        0x0 binaries/fgetc.o
 .data          0x000000008101678c        0x0 binaries/fgets.o
 .data          0x000000008101678c        0x0 binaries/fprintf.o
 .data          0x000000008101678c        0x0 binaries/fputc.o
 .data          0x000000008101678c        0x0 binaries/fputs.o
 .data          0x000000008101678c        0x0 binaries/fscanf.o
 .data          0x000000008101678c        0x0 binaries/getchar.o
 .data          0x000000008101678c        0x0 binaries/labs.o
 .data          0x000000008101678c        0x0 binaries/memchr.o
 .data          0x000000008101678c        0x0 binaries/memcmp.o
 .data          0x000000008101678c        0x0 binaries/memcpy.o
 .data          0x000000008101678c        0x0 binaries/memset.o
 .data          0x000000008101678c        0x0 binaries/printf.o
 .data          0x000000008101678c        0x0 binaries/putchar.o
 .data          0x000000008101678c        0x0 binaries/qsort.o
 .data          0x000000008101678c        0x4 binaries/rand.o
 .data          0x0000000081016790        0x0 binaries/sprintf.o
 .data          0x0000000081016790        0x0 binaries/sscanf.o
 .data          0x0000000081016790        0x0 binaries/strchr.o
 .data          0x0000000081016790        0x0 binaries/strcmp.o
 .data          0x0000000081016790        0x0 binaries/strcpy.o
 .data          0x0000000081016790        0x0 binaries/strlen.o
 .data          0x0000000081016790        0x0 binaries/strncat.o
 .data          0x0000000081016790        0x0 binaries/strncmp.o
 .data          0x0000000081016790        0x0 binaries/strncpy.o
 .data          0x0000000081016790        0x0 binaries/strnlen.o
 .data          0x0000000081016790        0x0 binaries/strrchr.o
 .data          0x0000000081016790        0x0 binaries/strstr.o
 .data          0x0000000081016790        0x0 binaries/ttycontrol.o
 .data          0x0000000081016790        0x0 binaries/ttygetc.o
 .data          0x0000000081016790        0x0 binaries/ttyhandle_in.o
 .data          0x0000000081016790        0x0 binaries/ttyhandle_out.o
 .data          0x0000000081016790        0x0 binaries/ttyhandler.o
 .data          0x0000000081016790        0x0 binaries/ttyinit.o
 .data          0x0000000081016790        0x0 binaries/ttykickout.o
 .data          0x0000000081016790        0x0 binaries/ttyputc.o
 .data          0x0000000081016790        0x0 binaries/ttyread.o
 .data          0x0000000081016790        0x0 binaries/ttywrite.o
 .data          0x0000000081016790        0x0 binaries/mount.o
 .data          0x0000000081016790        0x0 binaries/naminit.o
 .data          0x0000000081016790        0x0 binaries/nammap.o
 .data          0x0000000081016790        0x0 binaries/namopen.o
 .data          0x0000000081016790        0x0 binaries/ethcontrol.o
 .data          0x0000000081016790        0x0 binaries/ethhandler.o
 .data          0x0000000081016790        0x0 binaries/ethinit.o
 .data          0x0000000081016790        0x0 binaries/ethread.o
 .data          0x0000000081016790        0x0 binaries/ethwrite.o
 .data          0x0000000081016790        0x0 binaries/rdsbufalloc.o
 .data          0x0000000081016790        0x0 binaries/rdsclose.o
 .data          0x0000000081016790        0x0 binaries/rdscomm.o
 .data          0x0000000081016790        0x0 binaries/rdscontrol.o
 .data          0x0000000081016790        0x0 binaries/rdsinit.o
 .data          0x0000000081016790        0x0 binaries/rdsopen.o
 .data          0x0000000081016790        0x0 binaries/rdsprocess.o
 .data          0x0000000081016790        0x0 binaries/rdsread.o
 .data          0x0000000081016790        0x0 binaries/rdswrite.o
 .data          0x0000000081016790        0x0 binaries/ramclose.o
 .data          0x0000000081016790        0x0 binaries/raminit.o
 .data          0x0000000081016790        0x0 binaries/ramopen.o
 .data          0x0000000081016790        0x0 binaries/ramread.o
 .data          0x0000000081016790        0x0 binaries/ramwrite.o
 .data          0x0000000081016790        0x0 binaries/lfdballoc.o
 .data          0x0000000081016790        0x0 binaries/lfdbfree.o
 .data          0x0000000081016790        0x0 binaries/lfflush.o
 .data          0x0000000081016790        0x0 binaries/lfgetmode.o
 .data          0x0000000081016790        0x0 binaries/lfiballoc.o
 .data          0x0000000081016790        0x0 binaries/lfibclear.o
 .data          0x0000000081016790        0x0 binaries/lfibget.o
 .data          0x0000000081016790        0x0 binaries/lfibput.o
 .data          0x0000000081016790        0x0 binaries/lflclose.o
 .data          0x0000000081016790        0x0 binaries/lflcontrol.o
 .data          0x0000000081016790        0x0 binaries/lflgetc.o
 .data          0x0000000081016790        0x0 binaries/lflinit.o
 .data          0x0000000081016790        0x0 binaries/lflputc.o
 .data          0x0000000081016790        0x0 binaries/lflread.o
 .data          0x0000000081016790        0x0 binaries/lflseek.o
 .data          0x0000000081016790        0x0 binaries/lflwrite.o
 .data          0x0000000081016790        0x0 binaries/lfscheck.o
 .data          0x0000000081016790        0x0 binaries/lfsckfmt.o
 .data          0x0000000081016790        0x0 binaries/lfscreate.o
 .data          0x0000000081016790        0x0 binaries/lfsetup.o
 .data          0x0000000081016790        0x0 binaries/lfsinit.o
 .data          0x0000000081016790        0x0 binaries/lfsopen.o
 .data          0x0000000081016790        0x0 binaries/lftruncate.o
 .data          0x0000000081016790        0x0 binaries/rflclose.o
 .data          0x0000000081016790        0x0 binaries/rflgetc.o
 .data          0x0000000081016790        0x0 binaries/rflinit.o
 .data          0x0000000081016790        0x0 binaries/rflputc.o
 .data          0x0000000081016790        0x0 binaries/rflread.o
 .data          0x0000000081016790        0x0 binaries/rflseek.o
 .data          0x0000000081016790        0x0 binaries/rflwrite.o
 .data          0x0000000081016790        0x0 binaries/rfscomm.o
 .data          0x0000000081016790        0x0 binaries/rfscontrol.o
 .data          0x0000000081016790        0x0 binaries/rfsgetmode.o
 .data          0x0000000081016790        0x0 binaries/rfsinit.o
 .data          0x0000000081016790        0x0 binaries/rfsndmsg.o
 .data          0x0000000081016790        0x0 binaries/rfsopen.o
 .data          0x0000000081016790        0x0 binaries/spicontrol.o
 .data          0x0000000081016790        0x0 binaries/spiinit.o
 .data          0x0000000081016790        0x0 binaries/arp.o
 .data          0x0000000081016790        0x0 binaries/dhcp.o
 .data          0x0000000081016790        0x0 binaries/dns.o
 .data          0x0000000081016790        0x0 binaries/dot2ip.o
 .data          0x0000000081016790        0x0 binaries/hexdump.o
 .data          0x0000000081016790        0x4 binaries/icmp.o
 .data          0x0000000081016794        0x0 binaries/ip.o
 .data          0x0000000081016794        0x0 binaries/net.o
 .data          0x0000000081016794        0x0 binaries/pdump.o
 .data          0x0000000081016794        0x0 binaries/tftp.o
 .data          0x0000000081016794        0x4 binaries/udp.o
 .data          0x0000000081016798        0x0 binaries/addargs.o
 .data          0x0000000081016798        0x0 binaries/lexan.o
 .data          0x0000000081016798        0x4 binaries/shell.o
                0x0000000081016798                ncmd
 .data          0x000000008101679c        0x0 binaries/xsh_argecho.o
 .data          0x000000008101679c        0x0 binaries/xsh_arp.o
 .data          0x000000008101679c        0x0 binaries/xsh_cat.o
 .data          0x000000008101679c        0x0 binaries/xsh_clear.o
 .data          0x000000008101679c        0x0 binaries/xsh_date.o
 .data          0x000000008101679c        0x0 binaries/xsh_devdump.o
 .data          0x000000008101679c        0x0 binaries/xsh_echo.o
 .data          0x000000008101679c        0x0 binaries/xsh_exit.o
 .data          0x000000008101679c        0x0 binaries/xsh_help.o
 .data          0x000000008101679c        0x0 binaries/xsh_kill.o
 .data          0x000000008101679c        0x0 binaries/xsh_memdump.o
 .data          0x000000008101679c        0x0 binaries/xsh_memstat.o
 .data          0x000000008101679c        0x0 binaries/xsh_netinfo.o
 .data          0x000000008101679c        0x0 binaries/xsh_ping.o
 .data          0x000000008101679c        0x0 binaries/xsh_ps.o
 .data          0x000000008101679c        0x0 binaries/xsh_sleep.o
 .data          0x000000008101679c        0x0 binaries/xsh_udpdump.o
 .data          0x000000008101679c        0x0 binaries/xsh_udpecho.o
 .data          0x000000008101679c        0x0 binaries/xsh_udpserver.o
 .data          0x000000008101679c        0x0 binaries/xsh_uptime.o
 .data          0x000000008101679c        0x0 binaries/ctxsw.o
 .data          0x000000008101679c        0x0 binaries/intr.o
 .data          0x000000008101679c        0x0 ../cross_compiler/lib/gcc/arm-none-eabi/4.8.1//libgcc.a(_udivsi3.o)
 .data          0x000000008101679c        0x0 ../cross_compiler/lib/gcc/arm-none-eabi/4.8.1//libgcc.a(_divsi3.o)
 .data          0x000000008101679c        0x0 ../cross_compiler/lib/gcc/arm-none-eabi/4.8.1//libgcc.a(_dvmd_tls.o)
 .data          0x000000008101679c        0x0 ../cross_compiler/lib/gcc/arm-none-eabi/4.8.1//libgcc.a(_arm_muldivdf3.o)
 .data          0x000000008101679c        0x0 ../cross_compiler/lib/gcc/arm-none-eabi/4.8.1//libgcc.a(_arm_cmpdf2.o)
 .data          0x000000008101679c        0x0 ../cross_compiler/lib/gcc/arm-none-eabi/4.8.1//libgcc.a(_arm_fixdfsi.o)
                0x000000008101679c                edata = ABSOLUTE (.)
                0x0000000081017000                . = ALIGN (0x1000)
 *fill*         0x000000008101679c      0x864 

.igot.plt       0x0000000081017000        0x0
 .igot.plt      0x0000000000000000        0x0 binaries/start.o

.bss            0x0000000081017000    0x20000
                0x0000000081017000                bss = ABSOLUTE (.)
 *(.bss .bss.*)
 .bss           0x0000000081017000        0x0 binaries/start.o
 .bss           0x0000000081017000        0x0 binaries/ascdate.o
 .bss           0x0000000081017000        0x0 binaries/bufinit.o
 .bss           0x0000000081017000        0x0 binaries/chprio.o
 .bss           0x0000000081017000        0x0 binaries/clkhandler.o
 .bss           0x0000000081017000        0x4 binaries/clkinit.o
                0x0000000081017000                ctr1000
 .bss           0x0000000081017004        0x0 binaries/close.o
 .bss           0x0000000081017004        0x0 binaries/conf.o
 .bss           0x0000000081017004        0x0 binaries/control.o
 .bss           0x0000000081017004        0x0 binaries/create.o
 .bss           0x0000000081017004        0x0 binaries/dumpproctab.o
 .bss           0x0000000081017004        0x0 binaries/dynamicprio.o
 .bss           0x0000000081017004        0x0 binaries/evec.o
 .bss           0x0000000081017004        0x0 binaries/exit.o
 .bss           0x0000000081017004        0x0 binaries/freebuf.o
 .bss           0x0000000081017004        0x0 binaries/freemem.o
 .bss           0x0000000081017004        0x0 binaries/getbuf.o
 .bss           0x0000000081017004        0x0 binaries/getc.o
 .bss           0x0000000081017004        0x0 binaries/getdev.o
 .bss           0x0000000081017004        0x0 binaries/getitem.o
 .bss           0x0000000081017004        0x0 binaries/getmem.o
 .bss           0x0000000081017004        0x0 binaries/getpid.o
 .bss           0x0000000081017004        0x0 binaries/getprio.o
 .bss           0x0000000081017004        0x0 binaries/getstk.o
 .bss           0x0000000081017004        0x0 binaries/getticks.o
 .bss           0x0000000081017004        0x0 binaries/gettime.o
 .bss           0x0000000081017004        0x0 binaries/getutime.o
 .bss           0x0000000081017004        0x0 binaries/init.o
 .bss           0x0000000081017004        0x0 binaries/initialize.o
 .bss           0x0000000081017004        0x0 binaries/insert.o
 .bss           0x0000000081017004        0x0 binaries/insertd.o
 .bss           0x0000000081017004        0x0 binaries/ioerr.o
 .bss           0x0000000081017004        0x0 binaries/ionull.o
 .bss           0x0000000081017004        0x0 binaries/kill.o
 .bss           0x0000000081017004        0x0 binaries/kprintf.o
 .bss           0x0000000081017004        0x0 binaries/main.o
 .bss           0x0000000081017004        0x0 binaries/mark.o
 .bss           0x0000000081017004        0x0 binaries/meminit.o
 .bss           0x0000000081017004        0x0 binaries/mkbufpool.o
 .bss           0x0000000081017004        0x0 binaries/newqueue.o
 .bss           0x0000000081017004        0x0 binaries/open.o
 .bss           0x0000000081017004        0x0 binaries/panic.o
 .bss           0x0000000081017004        0x0 binaries/platinit.o
 .bss           0x0000000081017004        0x0 binaries/ptclear.o
 .bss           0x0000000081017004        0x0 binaries/ptcount.o
 .bss           0x0000000081017004        0x0 binaries/ptcreate.o
 .bss           0x0000000081017004        0x0 binaries/ptdelete.o
 .bss           0x0000000081017004        0x0 binaries/ptinit.o
 .bss           0x0000000081017004        0x0 binaries/ptrecv.o
 .bss           0x0000000081017004        0x0 binaries/ptreset.o
 .bss           0x0000000081017004        0x0 binaries/ptsend.o
 .bss           0x0000000081017004        0x0 binaries/putc.o
 .bss           0x0000000081017004        0x0 binaries/queue.o
 .bss           0x0000000081017004        0x0 binaries/read.o
 .bss           0x0000000081017004        0x0 binaries/ready.o
 .bss           0x0000000081017004        0x0 binaries/receive.o
 .bss           0x0000000081017004        0x0 binaries/recvclr.o
 .bss           0x0000000081017004        0x0 binaries/recvtime.o
 .bss           0x0000000081017004        0x0 binaries/resched.o
 .bss           0x0000000081017004        0x0 binaries/resume.o
 .bss           0x0000000081017004        0x0 binaries/seek.o
 .bss           0x0000000081017004        0x0 binaries/semcount.o
 .bss           0x0000000081017004        0x4 binaries/semcreate.o
 .bss           0x0000000081017008        0x0 binaries/semdelete.o
 .bss           0x0000000081017008        0x0 binaries/semreset.o
 .bss           0x0000000081017008        0x0 binaries/send.o
 .bss           0x0000000081017008        0x0 binaries/signal.o
 .bss           0x0000000081017008        0x0 binaries/signaln.o
 .bss           0x0000000081017008        0x0 binaries/sleep.o
 .bss           0x0000000081017008        0x0 binaries/suspend.o
 .bss           0x0000000081017008        0x0 binaries/unsleep.o
 .bss           0x0000000081017008        0x0 binaries/userret.o
 .bss           0x0000000081017008        0x0 binaries/wait.o
 .bss           0x0000000081017008        0x0 binaries/wakeup.o
 .bss           0x0000000081017008        0x0 binaries/write.o
 .bss           0x0000000081017008        0x0 binaries/xdone.o
 .bss           0x0000000081017008        0x0 binaries/yield.o
 .bss           0x0000000081017008        0x0 binaries/abs.o
 .bss           0x0000000081017008        0x0 binaries/atoi.o
 .bss           0x0000000081017008        0x0 binaries/atol.o
 .bss           0x0000000081017008        0x0 binaries/bzero.o
 .bss           0x0000000081017008        0x0 binaries/ctype_.o
 .bss           0x0000000081017008        0x0 binaries/doprnt.o
 .bss           0x0000000081017008        0x0 binaries/doscan.o
 .bss           0x0000000081017008        0x0 binaries/fdoprnt.o
 .bss           0x0000000081017008        0x0 binaries/fgetc.o
 .bss           0x0000000081017008        0x0 binaries/fgets.o
 .bss           0x0000000081017008        0x0 binaries/fprintf.o
 .bss           0x0000000081017008        0x0 binaries/fputc.o
 .bss           0x0000000081017008        0x0 binaries/fputs.o
 .bss           0x0000000081017008        0x0 binaries/fscanf.o
 .bss           0x0000000081017008        0x0 binaries/getchar.o
 .bss           0x0000000081017008        0x0 binaries/labs.o
 .bss           0x0000000081017008        0x0 binaries/memchr.o
 .bss           0x0000000081017008        0x0 binaries/memcmp.o
 .bss           0x0000000081017008        0x0 binaries/memcpy.o
 .bss           0x0000000081017008        0x0 binaries/memset.o
 .bss           0x0000000081017008        0x0 binaries/printf.o
 .bss           0x0000000081017008        0x0 binaries/putchar.o
 .bss           0x0000000081017008        0x8 binaries/qsort.o
 .bss           0x0000000081017010        0x0 binaries/rand.o
 .bss           0x0000000081017010        0x0 binaries/sprintf.o
 .bss           0x0000000081017010        0x0 binaries/sscanf.o
 .bss           0x0000000081017010        0x0 binaries/strchr.o
 .bss           0x0000000081017010        0x0 binaries/strcmp.o
 .bss           0x0000000081017010        0x0 binaries/strcpy.o
 .bss           0x0000000081017010        0x0 binaries/strlen.o
 .bss           0x0000000081017010        0x0 binaries/strncat.o
 .bss           0x0000000081017010        0x0 binaries/strncmp.o
 .bss           0x0000000081017010        0x0 binaries/strncpy.o
 .bss           0x0000000081017010        0x0 binaries/strnlen.o
 .bss           0x0000000081017010        0x0 binaries/strrchr.o
 .bss           0x0000000081017010        0x0 binaries/strstr.o
 .bss           0x0000000081017010        0x0 binaries/ttycontrol.o
 .bss           0x0000000081017010        0x0 binaries/ttygetc.o
 .bss           0x0000000081017010        0x0 binaries/ttyhandle_in.o
 .bss           0x0000000081017010        0x0 binaries/ttyhandle_out.o
 .bss           0x0000000081017010        0x0 binaries/ttyhandler.o
 .bss           0x0000000081017010        0x0 binaries/ttyinit.o
 .bss           0x0000000081017010        0x0 binaries/ttykickout.o
 .bss           0x0000000081017010        0x0 binaries/ttyputc.o
 .bss           0x0000000081017010        0x0 binaries/ttyread.o
 .bss           0x0000000081017010        0x0 binaries/ttywrite.o
 .bss           0x0000000081017010        0x0 binaries/mount.o
 .bss           0x0000000081017010        0x0 binaries/naminit.o
 .bss           0x0000000081017010        0x0 binaries/nammap.o
 .bss           0x0000000081017010        0x0 binaries/namopen.o
 .bss           0x0000000081017010        0x0 binaries/ethcontrol.o
 .bss           0x0000000081017010        0x0 binaries/ethhandler.o
 .bss           0x0000000081017010        0x0 binaries/ethinit.o
 .bss           0x0000000081017010        0x0 binaries/ethread.o
 .bss           0x0000000081017010        0x0 binaries/ethwrite.o
 .bss           0x0000000081017010        0x0 binaries/rdsbufalloc.o
 .bss           0x0000000081017010        0x0 binaries/rdsclose.o
 .bss           0x0000000081017010        0x0 binaries/rdscomm.o
 .bss           0x0000000081017010        0x0 binaries/rdscontrol.o
 .bss           0x0000000081017010        0x0 binaries/rdsinit.o
 .bss           0x0000000081017010        0x0 binaries/rdsopen.o
 .bss           0x0000000081017010        0x0 binaries/rdsprocess.o
 .bss           0x0000000081017010        0x0 binaries/rdsread.o
 .bss           0x0000000081017010        0x0 binaries/rdswrite.o
 .bss           0x0000000081017010        0x0 binaries/ramclose.o
 .bss           0x0000000081017010        0x0 binaries/raminit.o
 .bss           0x0000000081017010        0x0 binaries/ramopen.o
 .bss           0x0000000081017010        0x0 binaries/ramread.o
 .bss           0x0000000081017010        0x0 binaries/ramwrite.o
 .bss           0x0000000081017010        0x0 binaries/lfdballoc.o
 .bss           0x0000000081017010        0x0 binaries/lfdbfree.o
 .bss           0x0000000081017010        0x0 binaries/lfflush.o
 .bss           0x0000000081017010        0x0 binaries/lfgetmode.o
 .bss           0x0000000081017010        0x0 binaries/lfiballoc.o
 .bss           0x0000000081017010        0x0 binaries/lfibclear.o
 .bss           0x0000000081017010        0x0 binaries/lfibget.o
 .bss           0x0000000081017010        0x0 binaries/lfibput.o
 .bss           0x0000000081017010        0x0 binaries/lflclose.o
 .bss           0x0000000081017010        0x0 binaries/lflcontrol.o
 .bss           0x0000000081017010        0x0 binaries/lflgetc.o
 .bss           0x0000000081017010        0x0 binaries/lflinit.o
 .bss           0x0000000081017010        0x0 binaries/lflputc.o
 .bss           0x0000000081017010        0x0 binaries/lflread.o
 .bss           0x0000000081017010        0x0 binaries/lflseek.o
 .bss           0x0000000081017010        0x0 binaries/lflwrite.o
 .bss           0x0000000081017010        0x0 binaries/lfscheck.o
 .bss           0x0000000081017010        0x0 binaries/lfsckfmt.o
 .bss           0x0000000081017010        0x0 binaries/lfscreate.o
 .bss           0x0000000081017010        0x0 binaries/lfsetup.o
 .bss           0x0000000081017010        0x0 binaries/lfsinit.o
 .bss           0x0000000081017010        0x0 binaries/lfsopen.o
 .bss           0x0000000081017010        0x0 binaries/lftruncate.o
 .bss           0x0000000081017010        0x0 binaries/rflclose.o
 .bss           0x0000000081017010        0x0 binaries/rflgetc.o
 .bss           0x0000000081017010        0x0 binaries/rflinit.o
 .bss           0x0000000081017010        0x0 binaries/rflputc.o
 .bss           0x0000000081017010        0x0 binaries/rflread.o
 .bss           0x0000000081017010        0x0 binaries/rflseek.o
 .bss           0x0000000081017010        0x0 binaries/rflwrite.o
 .bss           0x0000000081017010        0x0 binaries/rfscomm.o
 .bss           0x0000000081017010        0x0 binaries/rfscontrol.o
 .bss           0x0000000081017010        0x0 binaries/rfsgetmode.o
 .bss           0x0000000081017010        0x0 binaries/rfsinit.o
 .bss           0x0000000081017010        0x0 binaries/rfsndmsg.o
 .bss           0x0000000081017010        0x0 binaries/rfsopen.o
 .bss           0x0000000081017010        0x0 binaries/spicontrol.o
 .bss           0x0000000081017010        0x0 binaries/spiinit.o
 .bss           0x0000000081017010        0x0 binaries/arp.o
 .bss           0x0000000081017010        0x0 binaries/dhcp.o
 .bss           0x0000000081017010        0x0 binaries/dns.o
 .bss           0x0000000081017010        0x0 binaries/dot2ip.o
 .bss           0x0000000081017010        0x0 binaries/hexdump.o
 .bss           0x0000000081017010        0x0 binaries/icmp.o
 .bss           0x0000000081017010        0x0 binaries/ip.o
 .bss           0x0000000081017010        0x0 binaries/net.o
 .bss           0x0000000081017010        0x0 binaries/pdump.o
 .bss           0x0000000081017010        0x0 binaries/tftp.o
 .bss           0x0000000081017010        0x0 binaries/udp.o
 .bss           0x0000000081017010        0x0 binaries/addargs.o
 .bss           0x0000000081017010        0x0 binaries/lexan.o
 .bss           0x0000000081017010        0x0 binaries/shell.o
 .bss           0x0000000081017010        0x0 binaries/xsh_argecho.o
 .bss           0x0000000081017010        0x0 binaries/xsh_arp.o
 .bss           0x0000000081017010        0x0 binaries/xsh_cat.o
 .bss           0x0000000081017010        0x0 binaries/xsh_clear.o
 .bss           0x0000000081017010        0x0 binaries/xsh_date.o
 .bss           0x0000000081017010        0x0 binaries/xsh_devdump.o
 .bss           0x0000000081017010        0x0 binaries/xsh_echo.o
 .bss           0x0000000081017010        0x0 binaries/xsh_exit.o
 .bss           0x0000000081017010        0x0 binaries/xsh_help.o
 .bss           0x0000000081017010        0x0 binaries/xsh_kill.o
 .bss           0x0000000081017010        0x0 binaries/xsh_memdump.o
 .bss           0x0000000081017010        0x0 binaries/xsh_memstat.o
 .bss           0x0000000081017010        0x0 binaries/xsh_netinfo.o
 .bss           0x0000000081017010        0x4 binaries/xsh_ping.o
 .bss           0x0000000081017014        0x0 binaries/xsh_ps.o
 .bss           0x0000000081017014        0x0 binaries/xsh_sleep.o
[...]
 .ARM.attributes
                0x00000000000021af       0x35 binaries/lfsckfmt.o
 .ARM.attributes
                0x00000000000021e4       0x35 binaries/lfscreate.o
 .ARM.attributes
                0x0000000000002219       0x35 binaries/lfsetup.o
 .ARM.attributes
                0x000000000000224e       0x35 binaries/lfsinit.o
 .ARM.attributes
                0x0000000000002283       0x35 binaries/lfsopen.o
 .ARM.attributes
                0x00000000000022b8       0x35 binaries/lftruncate.o
 .ARM.attributes
                0x00000000000022ed       0x35 binaries/rflclose.o
 .ARM.attributes
                0x0000000000002322       0x35 binaries/rflgetc.o
 .ARM.attributes
                0x0000000000002357       0x35 binaries/rflinit.o
 .ARM.attributes
                0x000000000000238c       0x35 binaries/rflputc.o
 .ARM.attributes
                0x00000000000023c1       0x35 binaries/rflread.o
 .ARM.attributes
                0x00000000000023f6       0x35 binaries/rflseek.o
 .ARM.attributes
                0x000000000000242b       0x35 binaries/rflwrite.o
 .ARM.attributes
                0x0000000000002460       0x35 binaries/rfscomm.o
 .ARM.attributes
                0x0000000000002495       0x35 binaries/rfscontrol.o
 .ARM.attributes
                0x00000000000024ca       0x35 binaries/rfsgetmode.o
 .ARM.attributes
                0x00000000000024ff       0x35 binaries/rfsinit.o
 .ARM.attributes
                0x0000000000002534       0x35 binaries/rfsndmsg.o
 .ARM.attributes
                0x0000000000002569       0x35 binaries/rfsopen.o
 .ARM.attributes
                0x000000000000259e       0x35 binaries/spicontrol.o
 .ARM.attributes
                0x00000000000025d3       0x35 binaries/spiinit.o
 .ARM.attributes
                0x0000000000002608       0x35 binaries/arp.o
 .ARM.attributes
                0x000000000000263d       0x35 binaries/dhcp.o
 .ARM.attributes
                0x0000000000002672       0x35 binaries/dns.o
 .ARM.attributes
                0x00000000000026a7       0x35 binaries/dot2ip.o
 .ARM.attributes
                0x00000000000026dc       0x35 binaries/hexdump.o
 .ARM.attributes
                0x0000000000002711       0x35 binaries/icmp.o
 .ARM.attributes
                0x0000000000002746       0x35 binaries/ip.o
 .ARM.attributes
                0x000000000000277b       0x35 binaries/net.o
 .ARM.attributes
                0x00000000000027b0       0x35 binaries/pdump.o
 .ARM.attributes
                0x00000000000027e5       0x35 binaries/tftp.o
 .ARM.attributes
                0x000000000000281a       0x35 binaries/udp.o
 .ARM.attributes
                0x000000000000284f       0x35 binaries/addargs.o
 .ARM.attributes
                0x0000000000002884       0x35 binaries/lexan.o
 .ARM.attributes
                0x00000000000028b9       0x35 binaries/shell.o
 .ARM.attributes
                0x00000000000028ee       0x35 binaries/xsh_argecho.o
 .ARM.attributes
                0x0000000000002923       0x35 binaries/xsh_arp.o
 .ARM.attributes
                0x0000000000002958       0x35 binaries/xsh_cat.o
 .ARM.attributes
                0x000000000000298d       0x35 binaries/xsh_clear.o
 .ARM.attributes
                0x00000000000029c2       0x35 binaries/xsh_date.o
 .ARM.attributes
                0x00000000000029f7       0x35 binaries/xsh_devdump.o
 .ARM.attributes
                0x0000000000002a2c       0x35 binaries/xsh_echo.o
 .ARM.attributes
                0x0000000000002a61       0x35 binaries/xsh_exit.o
 .ARM.attributes
                0x0000000000002a96       0x35 binaries/xsh_help.o
 .ARM.attributes
                0x0000000000002acb       0x35 binaries/xsh_kill.o
 .ARM.attributes
                0x0000000000002b00       0x35 binaries/xsh_memdump.o
 .ARM.attributes
                0x0000000000002b35       0x35 binaries/xsh_memstat.o
 .ARM.attributes
                0x0000000000002b6a       0x35 binaries/xsh_netinfo.o
 .ARM.attributes
                0x0000000000002b9f       0x35 binaries/xsh_ping.o
 .ARM.attributes
                0x0000000000002bd4       0x35 binaries/xsh_ps.o
 .ARM.attributes
                0x0000000000002c09       0x35 binaries/xsh_sleep.o
 .ARM.attributes
                0x0000000000002c3e       0x35 binaries/xsh_udpdump.o
 .ARM.attributes
                0x0000000000002c73       0x35 binaries/xsh_udpecho.o
 .ARM.attributes
                0x0000000000002ca8       0x35 binaries/xsh_udpserver.o
 .ARM.attributes
                0x0000000000002cdd       0x35 binaries/xsh_uptime.o
 .ARM.attributes
                0x0000000000002d12       0x25 binaries/ctxsw.o
 .ARM.attributes
                0x0000000000002d37       0x25 binaries/intr.o
 .ARM.attributes
                0x0000000000002d5c       0x18 ../cross_compiler/lib/gcc/arm-none-eabi/4.8.1//libgcc.a(_udivsi3.o)
 .ARM.attributes
                0x0000000000002d74       0x18 ../cross_compiler/lib/gcc/arm-none-eabi/4.8.1//libgcc.a(_divsi3.o)
 .ARM.attributes
                0x0000000000002d8c       0x18 ../cross_compiler/lib/gcc/arm-none-eabi/4.8.1//libgcc.a(_dvmd_tls.o)
 .ARM.attributes
                0x0000000000002da4       0x18 ../cross_compiler/lib/gcc/arm-none-eabi/4.8.1//libgcc.a(_arm_muldivdf3.o)
 .ARM.attributes
                0x0000000000002dbc       0x18 ../cross_compiler/lib/gcc/arm-none-eabi/4.8.1//libgcc.a(_arm_cmpdf2.o)
 .ARM.attributes
                0x0000000000002dd4       0x18 ../cross_compiler/lib/gcc/arm-none-eabi/4.8.1//libgcc.a(_arm_fixdfsi.o)

.comment        0x0000000000000000       0x11
 .comment       0x0000000000000000       0x11 binaries/ascdate.o
                                         0x12 (size before relaxing)
 .comment       0x0000000000000000       0x12 binaries/bufinit.o
 .comment       0x0000000000000000       0x12 binaries/chprio.o
 .comment       0x0000000000000000       0x12 binaries/clkhandler.o
 .comment       0x0000000000000000       0x12 binaries/clkinit.o
 .comment       0x0000000000000000       0x12 binaries/close.o
 .comment       0x0000000000000000       0x12 binaries/conf.o
 .comment       0x0000000000000000       0x12 binaries/control.o
 .comment       0x0000000000000000       0x12 binaries/create.o
 .comment       0x0000000000000000       0x12 binaries/dumpproctab.o
 .comment       0x0000000000000000       0x12 binaries/dynamicprio.o
 .comment       0x0000000000000000       0x12 binaries/evec.o
 .comment       0x0000000000000000       0x12 binaries/exit.o
 .comment       0x0000000000000000       0x12 binaries/freebuf.o
 .comment       0x0000000000000000       0x12 binaries/freemem.o
 .comment       0x0000000000000000       0x12 binaries/getbuf.o
 .comment       0x0000000000000000       0x12 binaries/getc.o
 .comment       0x0000000000000000       0x12 binaries/getdev.o
 .comment       0x0000000000000000       0x12 binaries/getitem.o
 .comment       0x0000000000000000       0x12 binaries/getmem.o
 .comment       0x0000000000000000       0x12 binaries/getpid.o
 .comment       0x0000000000000000       0x12 binaries/getprio.o
 .comment       0x0000000000000000       0x12 binaries/getstk.o
 .comment       0x0000000000000000       0x12 binaries/getticks.o
 .comment       0x0000000000000000       0x12 binaries/gettime.o
 .comment       0x0000000000000000       0x12 binaries/getutime.o
 .comment       0x0000000000000000       0x12 binaries/init.o
 .comment       0x0000000000000000       0x12 binaries/initialize.o
 .comment       0x0000000000000000       0x12 binaries/insert.o
 .comment       0x0000000000000000       0x12 binaries/insertd.o
 .comment       0x0000000000000000       0x12 binaries/ioerr.o
 .comment       0x0000000000000000       0x12 binaries/ionull.o
 .comment       0x0000000000000000       0x12 binaries/kill.o
 .comment       0x0000000000000000       0x12 binaries/kprintf.o
 .comment       0x0000000000000000       0x12 binaries/main.o
 .comment       0x0000000000000000       0x12 binaries/mark.o
 .comment       0x0000000000000000       0x12 binaries/meminit.o
 .comment       0x0000000000000000       0x12 binaries/mkbufpool.o
 .comment       0x0000000000000000       0x12 binaries/newqueue.o
 .comment       0x0000000000000000       0x12 binaries/open.o
 .comment       0x0000000000000000       0x12 binaries/panic.o
 .comment       0x0000000000000000       0x12 binaries/platinit.o
 .comment       0x0000000000000000       0x12 binaries/ptclear.o
 .comment       0x0000000000000000       0x12 binaries/ptcount.o
 .comment       0x0000000000000000       0x12 binaries/ptcreate.o
 .comment       0x0000000000000000       0x12 binaries/ptdelete.o
 .comment       0x0000000000000000       0x12 binaries/ptinit.o
 .comment       0x0000000000000000       0x12 binaries/ptrecv.o
 .comment       0x0000000000000000       0x12 binaries/ptreset.o
 .comment       0x0000000000000000       0x12 binaries/ptsend.o
 .comment       0x0000000000000000       0x12 binaries/putc.o
 .comment       0x0000000000000000       0x12 binaries/queue.o
 .comment       0x0000000000000000       0x12 binaries/read.o
 .comment       0x0000000000000000       0x12 binaries/ready.o
 .comment       0x0000000000000000       0x12 binaries/receive.o
 .comment       0x0000000000000000       0x12 binaries/recvclr.o
 .comment       0x0000000000000000       0x12 binaries/recvtime.o
 .comment       0x0000000000000000       0x12 binaries/resched.o
 .comment       0x0000000000000000       0x12 binaries/resume.o
 .comment       0x0000000000000000       0x12 binaries/seek.o
 .comment       0x0000000000000000       0x12 binaries/semcount.o
 .comment       0x0000000000000000       0x12 binaries/semcreate.o
 .comment       0x0000000000000000       0x12 binaries/semdelete.o
 .comment       0x0000000000000000       0x12 binaries/semreset.o
 .comment       0x0000000000000000       0x12 binaries/send.o
 .comment       0x0000000000000000       0x12 binaries/signal.o
 .comment       0x0000000000000000       0x12 binaries/signaln.o
 .comment       0x0000000000000000       0x12 binaries/sleep.o
 .comment       0x0000000000000000       0x12 binaries/suspend.o
 .comment       0x0000000000000000       0x12 binaries/unsleep.o
 .comment       0x0000000000000000       0x12 binaries/userret.o
 .comment       0x0000000000000000       0x12 binaries/wait.o
 .comment       0x0000000000000000       0x12 binaries/wakeup.o
 .comment       0x0000000000000000       0x12 binaries/write.o
 .comment       0x0000000000000000       0x12 binaries/xdone.o
 .comment       0x0000000000000000       0x12 binaries/yield.o
 .comment       0x0000000000000000       0x12 binaries/abs.o
 .comment       0x0000000000000000       0x12 binaries/atoi.o
 .comment       0x0000000000000000       0x12 binaries/atol.o
 .comment       0x0000000000000000       0x12 binaries/bzero.o
 .comment       0x0000000000000000       0x12 binaries/ctype_.o
 .comment       0x0000000000000000       0x12 binaries/doprnt.o
 .comment       0x0000000000000000       0x12 binaries/doscan.o
 .comment       0x0000000000000000       0x12 binaries/fdoprnt.o
 .comment       0x0000000000000000       0x12 binaries/fgetc.o
 .comment       0x0000000000000000       0x12 binaries/fgets.o
 .comment       0x0000000000000000       0x12 binaries/fprintf.o
 .comment       0x0000000000000000       0x12 binaries/fputc.o
 .comment       0x0000000000000000       0x12 binaries/fputs.o
 .comment       0x0000000000000000       0x12 binaries/fscanf.o
 .comment       0x0000000000000000       0x12 binaries/getchar.o
 .comment       0x0000000000000000       0x12 binaries/labs.o
 .comment       0x0000000000000000       0x12 binaries/memchr.o
 .comment       0x0000000000000000       0x12 binaries/memcmp.o
 .comment       0x0000000000000000       0x12 binaries/memcpy.o
 .comment       0x0000000000000000       0x12 binaries/memset.o
 .comment       0x0000000000000000       0x12 binaries/printf.o
 .comment       0x0000000000000000       0x12 binaries/putchar.o
 .comment       0x0000000000000000       0x12 binaries/qsort.o
 .comment       0x0000000000000000       0x12 binaries/rand.o
 .comment       0x0000000000000000       0x12 binaries/sprintf.o
 .comment       0x0000000000000000       0x12 binaries/sscanf.o
 .comment       0x0000000000000000       0x12 binaries/strchr.o
 .comment       0x0000000000000000       0x12 binaries/strcmp.o
 .comment       0x0000000000000000       0x12 binaries/strcpy.o
 .comment       0x0000000000000000       0x12 binaries/strlen.o
 .comment       0x0000000000000000       0x12 binaries/strncat.o
 .comment       0x0000000000000000       0x12 binaries/strncmp.o
 .comment       0x0000000000000000       0x12 binaries/strncpy.o
 .comment       0x0000000000000000       0x12 binaries/strnlen.o
 .comment       0x0000000000000000       0x12 binaries/strrchr.o
 .comment       0x0000000000000000       0x12 binaries/strstr.o
 .comment       0x0000000000000000       0x12 binaries/ttycontrol.o
 .comment       0x0000000000000000       0x12 binaries/ttygetc.o
 .comment       0x0000000000000000       0x12 binaries/ttyhandle_in.o
 .comment       0x0000000000000000       0x12 binaries/ttyhandle_out.o
 .comment       0x0000000000000000       0x12 binaries/ttyhandler.o
 .comment       0x0000000000000000       0x12 binaries/ttyinit.o
 .comment       0x0000000000000000       0x12 binaries/ttykickout.o
 .comment       0x0000000000000000       0x12 binaries/ttyputc.o
 .comment       0x0000000000000000       0x12 binaries/ttyread.o
 .comment       0x0000000000000000       0x12 binaries/ttywrite.o
 .comment       0x0000000000000000       0x12 binaries/mount.o
 .comment       0x0000000000000000       0x12 binaries/naminit.o
 .comment       0x0000000000000000       0x12 binaries/nammap.o
 .comment       0x0000000000000000       0x12 binaries/namopen.o
 .comment       0x0000000000000000       0x12 binaries/ethcontrol.o
 .comment       0x0000000000000000       0x12 binaries/ethhandler.o
 .comment       0x0000000000000000       0x12 binaries/ethinit.o
 .comment       0x0000000000000000       0x12 binaries/ethread.o
 .comment       0x0000000000000000       0x12 binaries/ethwrite.o
 .comment       0x0000000000000000       0x12 binaries/rdsbufalloc.o
 .comment       0x0000000000000000       0x12 binaries/rdsclose.o
 .comment       0x0000000000000000       0x12 binaries/rdscomm.o
 .comment       0x0000000000000000       0x12 binaries/rdscontrol.o
 .comment       0x0000000000000000       0x12 binaries/rdsinit.o
 .comment       0x0000000000000000       0x12 binaries/rdsopen.o
 .comment       0x0000000000000000       0x12 binaries/rdsprocess.o
 .comment       0x0000000000000000       0x12 binaries/rdsread.o
 .comment       0x0000000000000000       0x12 binaries/rdswrite.o
 .comment       0x0000000000000000       0x12 binaries/ramclose.o
 .comment       0x0000000000000000       0x12 binaries/raminit.o
 .comment       0x0000000000000000       0x12 binaries/ramopen.o
 .comment       0x0000000000000000       0x12 binaries/ramread.o
 .comment       0x0000000000000000       0x12 binaries/ramwrite.o
 .comment       0x0000000000000000       0x12 binaries/lfdballoc.o
 .comment       0x0000000000000000       0x12 binaries/lfdbfree.o
 .comment       0x0000000000000000       0x12 binaries/lfflush.o
 .comment       0x0000000000000000       0x12 binaries/lfgetmode.o
 .comment       0x0000000000000000       0x12 binaries/lfiballoc.o
 .comment       0x0000000000000000       0x12 binaries/lfibclear.o
 .comment       0x0000000000000000       0x12 binaries/lfibget.o
 .comment       0x0000000000000000       0x12 binaries/lfibput.o
 .comment       0x0000000000000000       0x12 binaries/lflclose.o
 .comment       0x0000000000000000       0x12 binaries/lflcontrol.o
 .comment       0x0000000000000000       0x12 binaries/lflgetc.o
 .comment       0x0000000000000000       0x12 binaries/lflinit.o
 .comment       0x0000000000000000       0x12 binaries/lflputc.o
 .comment       0x0000000000000000       0x12 binaries/lflread.o
 .comment       0x0000000000000000       0x12 binaries/lflseek.o
 .comment       0x0000000000000000       0x12 binaries/lflwrite.o
 .comment       0x0000000000000000       0x12 binaries/lfscheck.o
 .comment       0x0000000000000000       0x12 binaries/lfsckfmt.o
 .comment       0x0000000000000000       0x12 binaries/lfscreate.o
 .comment       0x0000000000000000       0x12 binaries/lfsetup.o
 .comment       0x0000000000000000       0x12 binaries/lfsinit.o
 .comment       0x0000000000000000       0x12 binaries/lfsopen.o
 .comment       0x0000000000000000       0x12 binaries/lftruncate.o
 .comment       0x0000000000000000       0x12 binaries/rflclose.o
 .comment       0x0000000000000000       0x12 binaries/rflgetc.o
 .comment       0x0000000000000000       0x12 binaries/rflinit.o
 .comment       0x0000000000000000       0x12 binaries/rflputc.o
 .comment       0x0000000000000000       0x12 binaries/rflread.o
 .comment       0x0000000000000000       0x12 binaries/rflseek.o
 .comment       0x0000000000000000       0x12 binaries/rflwrite.o
 .comment       0x0000000000000000       0x12 binaries/rfscomm.o
 .comment       0x0000000000000000       0x12 binaries/rfscontrol.o
 .comment       0x0000000000000000       0x12 binaries/rfsgetmode.o
 .comment       0x0000000000000000       0x12 binaries/rfsinit.o
 .comment       0x0000000000000000       0x12 binaries/rfsndmsg.o
 .comment       0x0000000000000000       0x12 binaries/rfsopen.o
 .comment       0x0000000000000000       0x12 binaries/spicontrol.o
 .comment       0x0000000000000000       0x12 binaries/spiinit.o
 .comment       0x0000000000000000       0x12 binaries/arp.o
 .comment       0x0000000000000000       0x12 binaries/dhcp.o
 .comment       0x0000000000000000       0x12 binaries/dns.o
 .comment       0x0000000000000000       0x12 binaries/dot2ip.o
 .comment       0x0000000000000000       0x12 binaries/hexdump.o
 .comment       0x0000000000000000       0x12 binaries/icmp.o
 .comment       0x0000000000000000       0x12 binaries/ip.o
 .comment       0x0000000000000000       0x12 binaries/net.o
 .comment       0x0000000000000000       0x12 binaries/pdump.o
 .comment       0x0000000000000000       0x12 binaries/tftp.o
 .comment       0x0000000000000000       0x12 binaries/udp.o
 .comment       0x0000000000000000       0x12 binaries/addargs.o
 .comment       0x0000000000000000       0x12 binaries/lexan.o
 .comment       0x0000000000000000       0x12 binaries/shell.o
 .comment       0x0000000000000000       0x12 binaries/xsh_argecho.o
 .comment       0x0000000000000000       0x12 binaries/xsh_arp.o
 .comment       0x0000000000000000       0x12 binaries/xsh_cat.o
 .comment       0x0000000000000000       0x12 binaries/xsh_clear.o
 .comment       0x0000000000000000       0x12 binaries/xsh_date.o
 .comment       0x0000000000000000       0x12 binaries/xsh_devdump.o
 .comment       0x0000000000000000       0x12 binaries/xsh_echo.o
 .comment       0x0000000000000000       0x12 binaries/xsh_exit.o
 .comment       0x0000000000000000       0x12 binaries/xsh_help.o
 .comment       0x0000000000000000       0x12 binaries/xsh_kill.o
 .comment       0x0000000000000000       0x12 binaries/xsh_memdump.o
 .comment       0x0000000000000000       0x12 binaries/xsh_memstat.o
 .comment       0x0000000000000000       0x12 binaries/xsh_netinfo.o
 .comment       0x0000000000000000       0x12 binaries/xsh_ping.o
 .comment       0x0000000000000000       0x12 binaries/xsh_ps.o
 .comment       0x0000000000000000       0x12 binaries/xsh_sleep.o
 .comment       0x0000000000000000       0x12 binaries/xsh_udpdump.o
 .comment       0x0000000000000000       0x12 binaries/xsh_udpecho.o
 .comment       0x0000000000000000       0x12 binaries/xsh_udpserver.o
 .comment       0x0000000000000000       0x12 binaries/xsh_uptime.o

.debug_frame    0x0000000000000000       0x40
 .debug_frame   0x0000000000000000       0x20 ../cross_compiler/lib/gcc/arm-none-eabi/4.8.1//libgcc.a(_udivsi3.o)
 .debug_frame   0x0000000000000020       0x20 ../cross_compiler/lib/gcc/arm-none-eabi/4.8.1//libgcc.a(_divsi3.o)
